Archive member included because of file (symbol)

c:/program files/microchip/mplab c30/bin/../lib\libpic30-coff.a(crt1.o)
                              (_resetALT)
c:/program files/microchip/mplab c30/bin/../lib\libpic30-coff.a(crt0.o)
                              (_resetPRI)
c:/program files/microchip/mplab c30/bin/../lib\libm-coff.a(umodsi3.o)
                              Objects - TCPIP Demo App - C30 - EXPLORER_16_ENC28J60\AutoIP.o (__umodsi3)
c:/program files/microchip/mplab c30/bin/../lib\libm-coff.a(muldi3.o)
                              Objects - TCPIP Demo App - C30 - EXPLORER_16_ENC28J60\AutoIP.o (__muldi3)
c:/program files/microchip/mplab c30/bin/../lib\libm-coff.a(divmoddi3.o)
                              Objects - TCPIP Demo App - C30 - EXPLORER_16_ENC28J60\AutoIP.o (__udivdi3)
c:/program files/microchip/mplab c30/bin/../lib\libm-coff.a(udivsi3.o)
                              Objects - TCPIP Demo App - C30 - EXPLORER_16_ENC28J60\Helpers.o (__udivsi3)
c:/program files/microchip/mplab c30/bin/../lib\libm-coff.a(mulsi3.o)
                              Objects - TCPIP Demo App - C30 - EXPLORER_16_ENC28J60\Helpers.o (__mulsi3)
c:/program files/microchip/mplab c30/bin/../lib\libm-coff.a(floatsisf.o)
                              Objects - TCPIP Demo App - C30 - EXPLORER_16_ENC28J60\MainDemo.o (__floatsisf)
c:/program files/microchip/mplab c30/bin/../lib\libm-coff.a(mulsf3.o)
                              Objects - TCPIP Demo App - C30 - EXPLORER_16_ENC28J60\MainDemo.o (__mulsf3)
c:/program files/microchip/mplab c30/bin/../lib\libm-coff.a(umuldi3.o)
                              c:/program files/microchip/mplab c30/bin/../lib\libm-coff.a(muldi3.o) (__umuldi3)
c:/program files/microchip/mplab c30/bin/../lib\libm-coff.a(fpack.o)
                              c:/program files/microchip/mplab c30/bin/../lib\libm-coff.a(floatsisf.o) (_fpack)
c:/program files/microchip/mplab c30/bin/../lib\libm-coff.a(funpack2.o)
                              c:/program files/microchip/mplab c30/bin/../lib\libm-coff.a(mulsf3.o) (_funpack2)
c:/program files/microchip/mplab c30/bin/../lib\libm-coff.a(futil.o)
                              c:/program files/microchip/mplab c30/bin/../lib\libm-coff.a(mulsf3.o) (_fPropagateNaN)
c:/program files/microchip/mplab c30/bin/../lib\libm-coff.a(funpack.o)
                              c:/program files/microchip/mplab c30/bin/../lib\libm-coff.a(funpack2.o) (_funpack)
c:/program files/microchip/mplab c30/bin/../lib\libc-coff.a(memset.o)
                              Objects - TCPIP Demo App - C30 - EXPLORER_16_ENC28J60\DHCP.o (memset)
c:/program files/microchip/mplab c30/bin/../lib\libc-coff.a(memcpy.o)
                              Objects - TCPIP Demo App - C30 - EXPLORER_16_ENC28J60\TCP.o (memcpy)
c:/program files/microchip/mplab c30/bin/../lib\libc-coff.a(strlen.o)
                              Objects - TCPIP Demo App - C30 - EXPLORER_16_ENC28J60\TCP.o (strlen)
c:/program files/microchip/mplab c30/bin/../lib\libc-coff.a(strcpy.o)
                              Objects - TCPIP Demo App - C30 - EXPLORER_16_ENC28J60\MainDemo.o (strcpy)
c:/program files/microchip/mplab c30/bin/../lib\libc-coff.a(sprintf.o)
                              Objects - TCPIP Demo App - C30 - EXPLORER_16_ENC28J60\MainDemo.o (sprintf)
c:/program files/microchip/mplab c30/bin/../lib\libc-coff.a(xstoul.o)
                              Objects - TCPIP Demo App - C30 - EXPLORER_16_ENC28J60\UARTConfig.o (_Stoul)
c:/program files/microchip/mplab c30/bin/../lib\libc-coff.a(xprintf.o)
                              c:/program files/microchip/mplab c30/bin/../lib\libc-coff.a(sprintf.o) (_Printf)
c:/program files/microchip/mplab c30/bin/../lib\libc-coff.a(isspace.os)
                              c:/program files/microchip/mplab c30/bin/../lib\libc-coff.a(xstoul.o) (isspace)
c:/program files/microchip/mplab c30/bin/../lib\libc-coff.a(tolower.os)
                              c:/program files/microchip/mplab c30/bin/../lib\libc-coff.a(xstoul.o) (tolower)
c:/program files/microchip/mplab c30/bin/../lib\libc-coff.a(memchr.o)
                              c:/program files/microchip/mplab c30/bin/../lib\libc-coff.a(xstoul.o) (memchr)
c:/program files/microchip/mplab c30/bin/../lib\libc-coff.a(errno.o)
                              c:/program files/microchip/mplab c30/bin/../lib\libc-coff.a(xstoul.o) (errno)
c:/program files/microchip/mplab c30/bin/../lib\libc-coff.a(xvacopy.o)
                              c:/program files/microchip/mplab c30/bin/../lib\libc-coff.a(xprintf.o) (_Vacopy)
c:/program files/microchip/mplab c30/bin/../lib\libc-coff.a(strchr.o)
                              c:/program files/microchip/mplab c30/bin/../lib\libc-coff.a(xprintf.o) (strchr)
c:/program files/microchip/mplab c30/bin/../lib\libc-coff.a(xputfld.o)
                              c:/program files/microchip/mplab c30/bin/../lib\libc-coff.a(xprintf.o) (_Putfld)
[...]
Memory Configuration

Name             Origin             Length             Attributes
data             0x000800           0x002000           a !xr
reset            0x000000           0x000004  
ivt              0x000004           0x0000fc  
aivt             0x000104           0x0000fc  
program          0x000200           0x0155fc           xr
config2          0x0157fc           0x000002  
config1          0x0157fe           0x000002  
*default*        0x000000           0xffffffff  

Linker script and memory map

LOAD Objects - TCPIP Demo App - C30 - EXPLORER_16_ENC28J60\Announce.o
LOAD Objects - TCPIP Demo App - C30 - EXPLORER_16_ENC28J60\ARCFOUR.o
LOAD Objects - TCPIP Demo App - C30 - EXPLORER_16_ENC28J60\ARP.o
LOAD Objects - TCPIP Demo App - C30 - EXPLORER_16_ENC28J60\AutoIP.o
LOAD Objects - TCPIP Demo App - C30 - EXPLORER_16_ENC28J60\BerkeleyAPI.o
LOAD Objects - TCPIP Demo App - C30 - EXPLORER_16_ENC28J60\BigInt.o
LOAD Objects - TCPIP Demo App - C30 - EXPLORER_16_ENC28J60\Delay.o
LOAD Objects - TCPIP Demo App - C30 - EXPLORER_16_ENC28J60\DHCP.o
LOAD Objects - TCPIP Demo App - C30 - EXPLORER_16_ENC28J60\DHCPs.o
LOAD Objects - TCPIP Demo App - C30 - EXPLORER_16_ENC28J60\DNS.o
LOAD Objects - TCPIP Demo App - C30 - EXPLORER_16_ENC28J60\DNSs.o
LOAD Objects - TCPIP Demo App - C30 - EXPLORER_16_ENC28J60\DynDNS.o
LOAD Objects - TCPIP Demo App - C30 - EXPLORER_16_ENC28J60\ENC28J60.o
LOAD Objects - TCPIP Demo App - C30 - EXPLORER_16_ENC28J60\ENCX24J600.o
LOAD Objects - TCPIP Demo App - C30 - EXPLORER_16_ENC28J60\FileSystem.o
LOAD Objects - TCPIP Demo App - C30 - EXPLORER_16_ENC28J60\FTP.o
LOAD Objects - TCPIP Demo App - C30 - EXPLORER_16_ENC28J60\Hashes.o
LOAD Objects - TCPIP Demo App - C30 - EXPLORER_16_ENC28J60\Helpers.o
LOAD Objects - TCPIP Demo App - C30 - EXPLORER_16_ENC28J60\HTTP2.o
LOAD Objects - TCPIP Demo App - C30 - EXPLORER_16_ENC28J60\HTTP.o
LOAD Objects - TCPIP Demo App - C30 - EXPLORER_16_ENC28J60\ICMP.o
LOAD Objects - TCPIP Demo App - C30 - EXPLORER_16_ENC28J60\IP.o
LOAD Objects - TCPIP Demo App - C30 - EXPLORER_16_ENC28J60\LCDBlocking.o
LOAD Objects - TCPIP Demo App - C30 - EXPLORER_16_ENC28J60\MPFS2.o
LOAD Objects - TCPIP Demo App - C30 - EXPLORER_16_ENC28J60\MPFS.o
LOAD Objects - TCPIP Demo App - C30 - EXPLORER_16_ENC28J60\NBNS.o
LOAD Objects - TCPIP Demo App - C30 - EXPLORER_16_ENC28J60\Random.o
LOAD Objects - TCPIP Demo App - C30 - EXPLORER_16_ENC28J60\Reboot.o
LOAD Objects - TCPIP Demo App - C30 - EXPLORER_16_ENC28J60\RSA.o
LOAD Objects - TCPIP Demo App - C30 - EXPLORER_16_ENC28J60\SMTP.o
LOAD Objects - TCPIP Demo App - C30 - EXPLORER_16_ENC28J60\SNMP.o
LOAD Objects - TCPIP Demo App - C30 - EXPLORER_16_ENC28J60\SNMPv3.o
LOAD Objects - TCPIP Demo App - C30 - EXPLORER_16_ENC28J60\SNMPv3USM.o
LOAD Objects - TCPIP Demo App - C30 - EXPLORER_16_ENC28J60\SNTP.o
LOAD Objects - TCPIP Demo App - C30 - EXPLORER_16_ENC28J60\SPIEEPROM.o
LOAD Objects - TCPIP Demo App - C30 - EXPLORER_16_ENC28J60\SPIFlash.o
LOAD Objects - TCPIP Demo App - C30 - EXPLORER_16_ENC28J60\SPIRAM.o
LOAD Objects - TCPIP Demo App - C30 - EXPLORER_16_ENC28J60\SSL.o
LOAD Objects - TCPIP Demo App - C30 - EXPLORER_16_ENC28J60\StackTsk.o
LOAD Objects - TCPIP Demo App - C30 - EXPLORER_16_ENC28J60\TCP.o
LOAD Objects - TCPIP Demo App - C30 - EXPLORER_16_ENC28J60\TCPPerformanceTest.o
LOAD Objects - TCPIP Demo App - C30 - EXPLORER_16_ENC28J60\Telnet.o
LOAD Objects - TCPIP Demo App - C30 - EXPLORER_16_ENC28J60\TFTPc.o
LOAD Objects - TCPIP Demo App - C30 - EXPLORER_16_ENC28J60\Tick.o
LOAD Objects - TCPIP Demo App - C30 - EXPLORER_16_ENC28J60\UART2TCPBridge.o
LOAD Objects - TCPIP Demo App - C30 - EXPLORER_16_ENC28J60\UART.o
LOAD Objects - TCPIP Demo App - C30 - EXPLORER_16_ENC28J60\UDP.o
LOAD Objects - TCPIP Demo App - C30 - EXPLORER_16_ENC28J60\UDPPerformanceTest.o
LOAD Objects - TCPIP Demo App - C30 - EXPLORER_16_ENC28J60\ZeroconfHelper.o
LOAD Objects - TCPIP Demo App - C30 - EXPLORER_16_ENC28J60\ZeroconfLinkLocal.o
LOAD Objects - TCPIP Demo App - C30 - EXPLORER_16_ENC28J60\ZeroconfMulticastDNS.o
LOAD Objects - TCPIP Demo App - C30 - EXPLORER_16_ENC28J60\CustomHTTPApp.o
LOAD Objects - TCPIP Demo App - C30 - EXPLORER_16_ENC28J60\CustomSNMPApp.o
LOAD Objects - TCPIP Demo App - C30 - EXPLORER_16_ENC28J60\CustomSSLCert.o
LOAD Objects - TCPIP Demo App - C30 - EXPLORER_16_ENC28J60\MainDemo.o
LOAD Objects - TCPIP Demo App - C30 - EXPLORER_16_ENC28J60\BerkeleyTCPClientDemo.o
LOAD Objects - TCPIP Demo App - C30 - EXPLORER_16_ENC28J60\BerkeleyTCPServerDemo.o
LOAD Objects - TCPIP Demo App - C30 - EXPLORER_16_ENC28J60\BerkeleyUDPClientDemo.o
LOAD Objects - TCPIP Demo App - C30 - EXPLORER_16_ENC28J60\GenericTCPClient.o
LOAD Objects - TCPIP Demo App - C30 - EXPLORER_16_ENC28J60\GenericTCPServer.o
LOAD Objects - TCPIP Demo App - C30 - EXPLORER_16_ENC28J60\LegacyHTTPApp.o
LOAD Objects - TCPIP Demo App - C30 - EXPLORER_16_ENC28J60\PingDemo.o
LOAD Objects - TCPIP Demo App - C30 - EXPLORER_16_ENC28J60\SMTPDemo.o
LOAD Objects - TCPIP Demo App - C30 - EXPLORER_16_ENC28J60\UARTConfig.o
LOAD Objects - TCPIP Demo App - C30 - EXPLORER_16_ENC28J60\MPFSImg2.o
LOAD Objects - TCPIP Demo App - C30 - EXPLORER_16_ENC28J60\MPFSImg.o
LOAD Objects - TCPIP Demo App - C30 - EXPLORER_16_ENC28J60\httppost.o
LOAD Objects - TCPIP Demo App - C30 - EXPLORER_16_ENC28J60\ir.o
LOAD Objects - TCPIP Demo App - C30 - EXPLORER_16_ENC28J60\Motionsense.o
LOAD Objects - TCPIP Demo App - C30 - EXPLORER_16_ENC28J60\httpposttag.o
LOAD Objects - TCPIP Demo App - C30 - EXPLORER_16_ENC28J60\httpadcpost.o
LOAD C:\Users\Keshav\Desktop\server mode\Microchip\TCPIP Stack\BigInt_helper_elf.a
LOAD C:\Users\Keshav\Desktop\server mode\Microchip\TCPIP Stack\BigInt_helper_coff.a
                    0x157fc                  __CONFIG2 = 0x157fc
                    0x157fe                  __CONFIG1 = 0x157fe
                    0x0004                  __IVT_BASE = 0x4
                    0x0104                  __AIVT_BASE = 0x104
                    0x0800                  __DATA_BASE = 0x800
                    0x0200                  __CODE_BASE = 0x200

.reset            0x000000          0x4
                  0x000000          0x2 SHORT 0x204 <code 336> (__reset)
                  0x000001          0x2 SHORT 0x4
                  0x000002          0x2 SHORT 0x0 ((<code 336> (__reset) >> 0x10) & 0x7f)
                  0x000003          0x2 SHORT 0x0

.text             0x000200       0x6c38
 *(.handle)
 .handle          0x000200          0x4 jump_table
 *(.libc)
 .libc            0x000204         0x80 c:/program files/microchip/mplab c30/bin/../lib\libpic30-coff.a(crt0.o)
                  0x000204                  _resetPRI
                  0x000204                  _reset
                  0x000218                  _psv_init
                  0x000228                  _data_init
 .libc            0x000284         0x12 c:/program files/microchip/mplab c30/bin/../lib\libc-coff.a(memset.o)
                  0x000284                  memset
 .libc            0x000296         0x12 c:/program files/microchip/mplab c30/bin/../lib\libc-coff.a(memcpy.o)
                  0x000296                  memcpy
 .libc            0x0002a8          0xe c:/program files/microchip/mplab c30/bin/../lib\libc-coff.a(strlen.o)
                  0x0002a8                  strlen
 .libc            0x0002b6         0x10 c:/program files/microchip/mplab c30/bin/../lib\libc-coff.a(strcpy.o)
                  0x0002b6                  strcpy
 .libc            0x0002c6         0x2e c:/program files/microchip/mplab c30/bin/../lib\libc-coff.a(sprintf.o)
                  0x0002c6                  sprintf.o:_prout
                  0x0002d2                  sprintf
 .libc            0x0002f4        0x128 c:/program files/microchip/mplab c30/bin/../lib\libc-coff.a(xstoul.o)
                  0x0002f4                  _Stoul
 .libc            0x00041c        0x170 c:/program files/microchip/mplab c30/bin/../lib\libc-coff.a(xprintf.o)
                  0x00041c                  _Printf
 .libc            0x00058c         0x10 c:/program files/microchip/mplab c30/bin/../lib\libc-coff.a(isspace.os)
                  0x00058c                  isspace
 .libc            0x00059c          0xe c:/program files/microchip/mplab c30/bin/../lib\libc-coff.a(tolower.os)
                  0x00059c                  tolower
 .libc            0x0005aa         0x14 c:/program files/microchip/mplab c30/bin/../lib\libc-coff.a(memchr.o)
                  0x0005aa                  memchr
 .libc            0x0005be          0xc c:/program files/microchip/mplab c30/bin/../lib\libc-coff.a(errno.o)
                  0x0005be                  _Geterrno
 .libc            0x0005ca          0xa c:/program files/microchip/mplab c30/bin/../lib\libc-coff.a(xvacopy.o)
                  0x0005ca                  _Vacopy
 .libc            0x0005d4         0x10 c:/program files/microchip/mplab c30/bin/../lib\libc-coff.a(strchr.o)
                  0x0005d4                  strchr
 .libc            0x0005e4        0x30a c:/program files/microchip/mplab c30/bin/../lib\libc-coff.a(xputfld.o)
                  0x0005e4                  _Putfld
 .libc            0x0008ee        0x194 c:/program files/microchip/mplab c30/bin/../lib\libc-coff.a(xputtxt.o)
                  0x0008ee                  _Puttxt
 .libc            0x000a82        0x454 c:/program files/microchip/mplab c30/bin/../lib\libc-coff.a(xldtob.o)
                  0x000a82                  _Ldtob
 .libc            0x000ed6        0x166 c:/program files/microchip/mplab c30/bin/../lib\libc-coff.a(xlitob.o)
                  0x000ed6                  _Litob
 .libc            0x00103c         0x58 c:/program files/microchip/mplab c30/bin/../lib\libc-coff.a(xldunsca.o)
                  0x00103c                  _LDunscale
 .libc            0x001094         0xf8 c:/program files/microchip/mplab c30/bin/../lib\libc-coff.a(xldscale.o)
                  0x001094                  _LDscale
 .libc            0x00118c         0x34 c:/program files/microchip/mplab c30/bin/../lib\libc-coff.a(ldiv.o)
                  0x00118c                  ldiv
 .libc            0x0011c0        0x268 c:/program files/microchip/mplab c30/bin/../lib\libc-coff.a(xgenld.o)
                  0x0011c0                  _Genld
 .libc            0x001428         0xf2 c:/program files/microchip/mplab c30/bin/../lib\libc-coff.a(xdnorm.o)
                  0x001428                  _Dnorm
 .libc            0x00151a         0x16 c:/program files/microchip/mplab c30/bin/../lib\libc-coff.a(div.o)
                  0x00151a                  div
 *(.libm)
 .libm            0x001530          0x6 c:/program files/microchip/mplab c30/bin/../lib\libm-coff.a(umodsi3.o)
                  0x001530                  __umodsi3
 .libm            0x001536         0x5c c:/program files/microchip/mplab c30/bin/../lib\libm-coff.a(muldi3.o)
                  0x001536                  __muldi3
 .libm            0x001592        0x230 c:/program files/microchip/mplab c30/bin/../lib\libm-coff.a(divmoddi3.o)
                  0x0015b8                  __udivmoddi3
                  0x00169a                  __udivdi3
                  0x0016a8                  __umoddi3
                  0x0016b0                  __divdi3
                  0x0016e6                  __moddi3
 .libm            0x0017c2         0x20 c:/program files/microchip/mplab c30/bin/../lib\libm-coff.a(udivsi3.o)
                  0x0017c2                  __udivsi3
 .libm            0x0017e2          0xc c:/program files/microchip/mplab c30/bin/../lib\libm-coff.a(mulsi3.o)
                  0x0017e2                  __mulsi3
 .libm            0x0017ee         0x56 c:/program files/microchip/mplab c30/bin/../lib\libm-coff.a(floatsisf.o)
                  0x0017ee                  __floatsisf
 .libm            0x001844         0x68 c:/program files/microchip/mplab c30/bin/../lib\libm-coff.a(mulsf3.o)
                  0x001844                  __mulsf3
 .libm            0x0018ac         0x44 c:/program files/microchip/mplab c30/bin/../lib\libm-coff.a(umuldi3.o)
                  0x0018ac                  __umuldi3
 .libm            0x0018f0         0x4c c:/program files/microchip/mplab c30/bin/../lib\libm-coff.a(fpack.o)
                  0x0018f0                  _fpack
 .libm            0x00193c         0x10 c:/program files/microchip/mplab c30/bin/../lib\libm-coff.a(funpack2.o)
                  0x00193c                  _funpack2
 .libm            0x00194c         0x20 c:/program files/microchip/mplab c30/bin/../lib\libm-coff.a(futil.o)
                  0x00194c                  _fPropagateNaN
                  0x00195e                  _fbopExit
                  0x001966                  _fbopReturnNaN
 .libm            0x00196c         0x2a c:/program files/microchip/mplab c30/bin/../lib\libm-coff.a(funpack.o)
                  0x00196c                  _funpack
 .libm            0x001996         0x3e c:/program files/microchip/mplab c30/bin/../lib\libm-coff.a(extendsfdf.o)
                  0x001996                  __extendsfdf2
 .libm            0x0019d4          0xa c:/program files/microchip/mplab c30/bin/../lib\libm-coff.a(deqltle.o)
                  0x0019d4                  __eqdf2
                  0x0019d4                  __ltdf2
                  0x0019d4                  __ledf2
 .libm            0x0019de         0x58 c:/program files/microchip/mplab c30/bin/../lib\libm-coff.a(fixdfsi.o)
                  0x0019de                  __fixdfsi
 .libm            0x001a36          0x6 c:/program files/microchip/mplab c30/bin/../lib\libm-coff.a(floatsidf.o)
                  0x001a36                  __floatsidf
 .libm            0x001a3c          0x4 c:/program files/microchip/mplab c30/bin/../lib\libm-coff.a(subdf3.o)
                  0x001a3c                  __subdf3
 .libm            0x001a40          0xa c:/program files/microchip/mplab c30/bin/../lib\libm-coff.a(dgtge.o)
                  0x001a40                  __gtdf2
                  0x001a40                  __gedf2
 .libm            0x001a4a         0x1e c:/program files/microchip/mplab c30/bin/../lib\libm-coff.a(divsi3.o)
                  0x001a4a                  __divsi3
 .libm            0x001a68         0xea c:/program files/microchip/mplab c30/bin/../lib\libm-coff.a(muldf3.o)
                  0x001a68                  __muldf3
 .libm            0x001b52         0xb4 c:/program files/microchip/mplab c30/bin/../lib\libm-coff.a(divdf3.o)
                  0x001b52                  __divdf3
 .libm            0x001c06         0x52 c:/program files/microchip/mplab c30/bin/../lib\libm-coff.a(dcompare.o)
                  0x001c06                  _dcompare
 .libm            0x001c58         0x4e c:/program files/microchip/mplab c30/bin/../lib\libm-coff.a(dunpack.o)
                  0x001c58                  _dunpack
 .libm            0x001ca6         0x32 c:/program files/microchip/mplab c30/bin/../lib\libm-coff.a(dunpack2.o)
                  0x001ca6                  _dunpack2
                  0x001cc8                  _dreturnNaN
                  0x001cce                  _dunpack2exit
 .libm            0x001cd8         0x6e c:/program files/microchip/mplab c30/bin/../lib\libm-coff.a(floatdidf.o)
                  0x001cd8                  __floatdidf
 .libm            0x001d46         0xfa c:/program files/microchip/mplab c30/bin/../lib\libm-coff.a(adddf3.o)
                  0x001d46                  __adddf3
 .libm            0x001e40         0x58 c:/program files/microchip/mplab c30/bin/../lib\libm-coff.a(dpack.o)
                  0x001e40                  _dpack
 .libm            0x001e98         0x24 c:/program files/microchip/mplab c30/bin/../lib\libm-coff.a(dtype.o)
                  0x001e98                  _dtype
 .libm            0x001ebc         0x1c c:/program files/microchip/mplab c30/bin/../lib\libm-coff.a(dpropagateNaN.o)
                  0x001ebc                  _dPropagateNaN
 *(.libdsp)
 *(.lib*)
 *(.text)
 .text            0x001ed8        0x3c4 Objects - TCPIP Demo App - C30 - EXPLORER_16_ENC28J60\ARP.o
                  0x001ed8                  ARPInit
                  0x001ef2                  ARPIsResolved
                  0x001ff8                  SwapARPPacket
                  0x0020a0                  ARPResolve
                  0x002176                  ARPProcess
 .text            0x00229c        0x53a Objects - TCPIP Demo App - C30 - EXPLORER_16_ENC28J60\AutoIP.o
                  0x00229c                  AutoIPInit
                  0x0022b0                  AutoIPIsConfigured
                  0x0022be                  AutoIPConfigIsInProgress
                  0x0022c4                  AutoIPRandSeed
                  0x0022ca                  AutoIPConflict
                  0x002332                  AutoIPDisable
                  0x0023c6                  AutoIPEnable
                  0x0023ce                  AutoIPIsDisabled
                  0x0023d8                  AutoIPRand
                  0x0023ee                  AutoIPTasks
 .text            0x0027d6         0x54 Objects - TCPIP Demo App - C30 - EXPLORER_16_ENC28J60\Delay.o
                  0x0027d6                  Delay10us
                  0x002806                  DelayMs
 .text            0x00282a        0x6a8 Objects - TCPIP Demo App - C30 - EXPLORER_16_ENC28J60\DHCP.o
                  0x00282a                  DHCPInit
                  0x00284c                  DHCPDisable
                  0x00285c                  DHCPEnable
                  0x002868                  DHCPIsEnabled
                  0x002872                  DHCPIsBound
                  0x002878                  DHCPStateChanged
                  0x002884                  DHCPIsServerDetected
                  0x002c66                  DHCPTask
 .text            0x002ed2        0x59e Objects - TCPIP Demo App - C30 - EXPLORER_16_ENC28J60\DNS.o
                  0x002ed2                  DNSBeginUsage
                  0x002ede                  DNSEndUsage
                  0x002ef8                  DNSResolve
                  0x002fb6                  DNSIsResolved
 .text            0x003470        0xab2 Objects - TCPIP Demo App - C30 - EXPLORER_16_ENC28J60\ENC28J60.o
                  0x003470                  MACGet
                  0x003496                  MACGetArray
                  0x003528                  MACPut
                  0x003556                  MACPutArray
                  0x003686                  MACSetReadPtrInRx
                  0x0036aa                  MACPutHeader
                  0x00372a                  MACDiscardRx
                  0x00379e                  SetCLKOUT
                  0x0037b4                  WritePHYReg
                  0x0037e8                  ReadPHYReg
                  0x003840                  MACIsLinked
                  0x003872                  GetCLKOUT
                  0x003888                  MACPowerUp
                  0x00389c                  MACPowerDown
                  0x0038b8                  MACIsMemCopyDone
                  0x0038c6                  MACMemCopyAsync
                  0x003a36                  CalcIPBufferChecksum
                  0x003ace                  MACCalcRxChecksum
                  0x003b32                  MACSetReadPtr
                  0x003b70                  MACSetWritePtr
                  0x003bae                  MACFlush
                  0x003cc2                  MACGetHeader
                  0x003d5e                  MACGetFreeRxSize
                  0x003de2                  MACIsTxReady
                  0x003df0                  MACInit
 .text            0x003f22        0x41a Objects - TCPIP Demo App - C30 - EXPLORER_16_ENC28J60\Helpers.o
                  0x003f22                  LFSRRand
                  0x003f4e                  LFSRSeedRand
                  0x003f74                  GenerateRandomDWORD
                  0x00401e                  StringToIPAddress
                  0x0040dc                  uitoa
                  0x004118                  ultoa
                  0x004176                  hexatob
                  0x0041f2                  btohexa_high
                  0x004206                  btohexa_low
                  0x004218                  stricmppgm2ram
                  0x00425a                  swaps
                  0x00427a                  swapl
                  0x0042a4                  CalcIPChecksum
                  0x0042d0                  strupr
                  0x0042ee                  FormatNetBIOSName
                  0x00431c                  strnchr
 .text            0x00433c        0x170 Objects - TCPIP Demo App - C30 - EXPLORER_16_ENC28J60\IP.o
                  0x00433c                  IPSetRxBuffer
                  0x004368                  IPPutHeader
                  0x004428                  IPGetHeader
 .text            0x0044ac        0x14e Objects - TCPIP Demo App - C30 - EXPLORER_16_ENC28J60\LCDBlocking.o
                  0x0044f0                  LCDInit
                  0x00456c                  LCDUpdate
                  0x0045e4                  LCDErase
 .text            0x0045fa        0x1fe Objects - TCPIP Demo App - C30 - EXPLORER_16_ENC28J60\SNTP.o
                  0x0045fa                  SNTPClient
                  0x0047c0                  SNTPGetUTCSeconds
 .text            0x0047f8        0x154 Objects - TCPIP Demo App - C30 - EXPLORER_16_ENC28J60\StackTsk.o
                  0x0047f8                  StackInit
                  0x004826                  StackTask
                  0x004948                  StackApplications
 .text            0x00494c       0x16de Objects - TCPIP Demo App - C30 - EXPLORER_16_ENC28J60\TCP.o
                  0x004984                  TCPWasReset
                  0x004994                  TCPIsConnected
                  0x0049a4                  TCPIsPutReady
                  0x0049ca                  TCPGetTxFIFOFull
                  0x0049e0                  TCPIsGetReady
                  0x0049fc                  TCPGetRxFIFOFree
                  0x004bdc                  TCPGetRemoteInfo
                  0x004bf0                  TCPInit
                  0x004f7a                  TCPAdjustFIFOSize
                  0x005036                  TCPDiscard
                  0x005052                  TCPFlush
                  0x005066                  TCPDisconnect
                  0x0050d2                  TCPClose
                  0x0050e2                  TCPOpen
                  0x0051f8                  TCPProcess
                  0x00592e                  TCPTick
                  0x005c3e                  TCPFindArrayEx
                  0x005da6                  TCPFindEx
                  0x005dba                  TCPPeekArray
                  0x005e22                  TCPPeek
                  0x005e34                  TCPGetArray
                  0x005eb0                  TCPGet
                  0x005f08                  TCPPutArray
                  0x005f9e                  TCPPutString
                  0x005fb8                  TCPPut
 .text            0x00602a         0xc0 Objects - TCPIP Demo App - C30 - EXPLORER_16_ENC28J60\Tick.o
                  0x00602a                  TickInit
                  0x006080                  TickGet
                  0x006088                  TickGetDiv256
                  0x0060a4                  TickGetDiv64K
                  0x0060c0                  TickConvertToMilliseconds
                  0x0060d6                  _T1Interrupt
 .text            0x0060ea         0xcc Objects - TCPIP Demo App - C30 - EXPLORER_16_ENC28J60\UART.o
                  0x0060ea                  DataRdyUART2
                  0x0060f0                  ReadUART2
                  0x006102                  putsUART2
                  0x006136                  BusyUART2
                  0x00613e                  WriteUART2
                  0x00614e                  getsUART2
                  0x006180                  ReadStringUART
 .text            0x0061b6        0x436 Objects - TCPIP Demo App - C30 - EXPLORER_16_ENC28J60\UDP.o
                  0x0061b6                  UDPClose
                  0x0061ce                  UDPTask
                  0x0061d2                  UDPOpen
                  0x006232                  UDPSetTxBuffer
                  0x006244                  UDPSetRxBuffer
                  0x006254                  UDPIsPutReady
                  0x00627e                  UDPPut
                  0x0062a4                  UDPPutArray
                  0x0062d0                  UDPPutString
                  0x0062e6                  UDPFlush
                  0x0063ca                  UDPIsGetReady
                  0x0063ea                  UDPGet
                  0x006412                  UDPGetArray
                  0x00643e                  UDPDiscard
                  0x00644e                  UDPProcess
                  0x0065d2                  UDPInit
 .text            0x0065ec        0x384 Objects - TCPIP Demo App - C30 - EXPLORER_16_ENC28J60\MainDemo.o
                  0x0065ec                  _AddressError
                  0x0065f2                  _StackError
                  0x0065f8                  ADCInit
                  0x00660c                  DisplayIPValue
                  0x00660e                  SelectChannel
                  0x006618                  convert
                  0x00662a                  ReadADCData
                  0x006644                  main
 .text            0x006970        0x2d8 Objects - TCPIP Demo App - C30 - EXPLORER_16_ENC28J60\UARTConfig.o
                  0x006970                  DoUARTConfig
 .text            0x006c48         0xac Objects - TCPIP Demo App - C30 - EXPLORER_16_ENC28J60\httppost.o
                  0x006c48                  StartTCPTimeStateMachine
                  0x006c4c                  TCPRecvTask
 .text            0x006cf4        0x144 Objects - TCPIP Demo App - C30 - EXPLORER_16_ENC28J60\httpadcpost.o
                  0x006cf4                  StartHTTPTimeStateMachine
                  0x006cf8                  HTTPADCPostTask

__CONFIG2         0x0157fc          0x2
 *(__CONFIG2.sec)
 __CONFIG2.sec    0x0157fc          0x2 Objects - TCPIP Demo App - C30 - EXPLORER_16_ENC28J60\MainDemo.o

__CONFIG1         0x0157fe          0x2
 *(__CONFIG1.sec)
 __CONFIG1.sec    0x0157fe          0x2 Objects - TCPIP Demo App - C30 - EXPLORER_16_ENC28J60\MainDemo.o

.comment
 *(.comment)

.debug_info
 *(.debug_info)
 *(.gnu.linkonce.wi.*)

.debug_abbrev
 *(.debug_abbrev)

.debug_line
 *(.debug_line)

.debug_frame
 *(.debug_frame)

.debug_str
 *(.debug_str)

.debug_loc
 *(.debug_loc)

.debug_macinfo
 *(.debug_macinfo)

.debug_pubnames
 *(.debug_pubnames)

.debug_ranges
 *(.debug_ranges)

.debug_aranges
 *(.debug_aranges)

.ivt              0x000004         0xfc
                  0x000004          0x4 LONG 0x7330 DEFINED (__ReservedTrap0)?<code 336> (__ReservedTrap0):<code 336> (__DefaultInterrupt)
                  0x000006          0x4 LONG 0x7330 DEFINED (__OscillatorFail)?<code 336> (__OscillatorFail):<code 336> (__DefaultInterrupt)
                  0x000008          0x4 LONG 0x65ec DEFINED (__AddressError)?<code 336> (__AddressError):<code 336> (__DefaultInterrupt)
                  0x00000a          0x4 LONG 0x65f2 DEFINED (__StackError)?<code 336> (__StackError):<code 336> (__DefaultInterrupt)
                  0x00000c          0x4 LONG 0x7330 DEFINED (__MathError)?<code 336> (__MathError):<code 336> (__DefaultInterrupt)
                  0x00000e          0x4 LONG 0x7330 DEFINED (__ReservedTrap5)?<code 336> (__ReservedTrap5):<code 336> (__DefaultInterrupt)
                  0x000010          0x4 LONG 0x7330 DEFINED (__ReservedTrap6)?<code 336> (__ReservedTrap6):<code 336> (__DefaultInterrupt)
                  0x000012          0x4 LONG 0x7330 DEFINED (__ReservedTrap7)?<code 336> (__ReservedTrap7):<code 336> (__DefaultInterrupt)
                  0x000014          0x4 LONG 0x7330 DEFINED (__INT0Interrupt)?<code 336> (__INT0Interrupt):<code 336> (__DefaultInterrupt)
                  0x000016          0x4 LONG 0x7330 DEFINED (__IC1Interrupt)?<code 336> (__IC1Interrupt):<code 336> (__DefaultInterrupt)
                  0x000018          0x4 LONG 0x7330 DEFINED (__OC1Interrupt)?<code 336> (__OC1Interrupt):<code 336> (__DefaultInterrupt)
                  0x00001a          0x4 LONG 0x60d6 DEFINED (__T1Interrupt)?<code 336> (__T1Interrupt):<code 336> (__DefaultInterrupt)
                  0x00001c          0x4 LONG 0x7330 DEFINED (__Interrupt4)?<code 336> (__Interrupt4):<code 336> (__DefaultInterrupt)
                  0x00001e          0x4 LONG 0x7330 DEFINED (__IC2Interrupt)?<code 336> (__IC2Interrupt):<code 336> (__DefaultInterrupt)
                  0x000020          0x4 LONG 0x7330 DEFINED (__OC2Interrupt)?<code 336> (__OC2Interrupt):<code 336> (__DefaultInterrupt)
                  0x000022          0x4 LONG 0x7330 DEFINED (__T2Interrupt)?<code 336> (__T2Interrupt):<code 336> (__DefaultInterrupt)
                  0x000024          0x4 LONG 0x7330 DEFINED (__T3Interrupt)?<code 336> (__T3Interrupt):<code 336> (__DefaultInterrupt)
                  0x000026          0x4 LONG 0x7330 DEFINED (__SPI1ErrInterrupt)?<code 336> (__SPI1ErrInterrupt):<code 336> (__DefaultInterrupt)
                  0x000028          0x4 LONG 0x7330 DEFINED (__SPI1Interrupt)?<code 336> (__SPI1Interrupt):<code 336> (__DefaultInterrupt)
                  0x00002a          0x4 LONG 0x7330 DEFINED (__U1RXInterrupt)?<code 336> (__U1RXInterrupt):<code 336> (__DefaultInterrupt)
                  0x00002c          0x4 LONG 0x7330 DEFINED (__U1TXInterrupt)?<code 336> (__U1TXInterrupt):<code 336> (__DefaultInterrupt)
                  0x00002e          0x4 LONG 0x7330 DEFINED (__ADC1Interrupt)?<code 336> (__ADC1Interrupt):<code 336> (__DefaultInterrupt)
                  0x000030          0x4 LONG 0x7330 DEFINED (__Interrupt14)?<code 336> (__Interrupt14):<code 336> (__DefaultInterrupt)
                  0x000032          0x4 LONG 0x7330 DEFINED (__Interrupt15)?<code 336> (__Interrupt15):<code 336> (__DefaultInterrupt)
                  0x000034          0x4 LONG 0x7330 DEFINED (__SI2C1Interrupt)?<code 336> (__SI2C1Interrupt):<code 336> (__DefaultInterrupt)
                  0x000036          0x4 LONG 0x7330 DEFINED (__MI2C1Interrupt)?<code 336> (__MI2C1Interrupt):<code 336> (__DefaultInterrupt)
                  0x000038          0x4 LONG 0x7330 DEFINED (__CompInterrupt)?<code 336> (__CompInterrupt):<code 336> (__DefaultInterrupt)
                  0x00003a          0x4 LONG 0x7330 DEFINED (__CNInterrupt)?<code 336> (__CNInterrupt):<code 336> (__DefaultInterrupt)
                  0x00003c          0x4 LONG 0x7330 DEFINED (__INT1Interrupt)?<code 336> (__INT1Interrupt):<code 336> (__DefaultInterrupt)
                  0x00003e          0x4 LONG 0x7330 DEFINED (__Interrupt21)?<code 336> (__Interrupt21):<code 336> (__DefaultInterrupt)
                  0x000040          0x4 LONG 0x7330 DEFINED (__Interrupt22)?<code 336> (__Interrupt22):<code 336> (__DefaultInterrupt)
                  0x000042          0x4 LONG 0x7330 DEFINED (__Interrupt23)?<code 336> (__Interrupt23):<code 336> (__DefaultInterrupt)
                  0x000044          0x4 LONG 0x7330 DEFINED (__Interrupt24)?<code 336> (__Interrupt24):<code 336> (__DefaultInterrupt)
                  0x000046          0x4 LONG 0x7330 DEFINED (__OC3Interrupt)?<code 336> (__OC3Interrupt):<code 336> (__DefaultInterrupt)
                  0x000048          0x4 LONG 0x7330 DEFINED (__OC4Interrupt)?<code 336> (__OC4Interrupt):<code 336> (__DefaultInterrupt)
                  0x00004a          0x4 LONG 0x7330 DEFINED (__T4Interrupt)?<code 336> (__T4Interrupt):<code 336> (__DefaultInterrupt)
                  0x00004c          0x4 LONG 0x7330 DEFINED (__T5Interrupt)?<code 336> (__T5Interrupt):<code 336> (__DefaultInterrupt)
                  0x00004e          0x4 LONG 0x7330 DEFINED (__INT2Interrupt)?<code 336> (__INT2Interrupt):<code 336> (__DefaultInterrupt)
                  0x000050          0x4 LONG 0x7330 DEFINED (__U2RXInterrupt)?<code 336> (__U2RXInterrupt):<code 336> (__DefaultInterrupt)
                  0x000052          0x4 LONG 0x7330 DEFINED (__U2TXInterrupt)?<code 336> (__U2TXInterrupt):<code 336> (__DefaultInterrupt)
                  0x000054          0x4 LONG 0x7330 DEFINED (__SPI2ErrInterrupt)?<code 336> (__SPI2ErrInterrupt):<code 336> (__DefaultInterrupt)
                  0x000056          0x4 LONG 0x7330 DEFINED (__SPI2Interrupt)?<code 336> (__SPI2Interrupt):<code 336> (__DefaultInterrupt)
                  0x000058          0x4 LONG 0x7330 DEFINED (__Interrupt34)?<code 336> (__Interrupt34):<code 336> (__DefaultInterrupt)
                  0x00005a          0x4 LONG 0x7330 DEFINED (__Interrupt35)?<code 336> (__Interrupt35):<code 336> (__DefaultInterrupt)
                  0x00005c          0x4 LONG 0x7330 DEFINED (__Interrupt36)?<code 336> (__Interrupt36):<code 336> (__DefaultInterrupt)
                  0x00005e          0x4 LONG 0x7330 DEFINED (__IC3Interrupt)?<code 336> (__IC3Interrupt):<code 336> (__DefaultInterrupt)
                  0x000060          0x4 LONG 0x7330 DEFINED (__IC4Interrupt)?<code 336> (__IC4Interrupt):<code 336> (__DefaultInterrupt)
                  0x000062          0x4 LONG 0x7330 DEFINED (__IC5Interrupt)?<code 336> (__IC5Interrupt):<code 336> (__DefaultInterrupt)
                  0x000064          0x4 LONG 0x7330 DEFINED (__Interrupt40)?<code 336> (__Interrupt40):<code 336> (__DefaultInterrupt)
                  0x000066          0x4 LONG 0x7330 DEFINED (__OC5Interrupt)?<code 336> (__OC5Interrupt):<code 336> (__DefaultInterrupt)
                  0x000068          0x4 LONG 0x7330 DEFINED (__Interrupt42)?<code 336> (__Interrupt42):<code 336> (__DefaultInterrupt)
                  0x00006a          0x4 LONG 0x7330 DEFINED (__Interrupt43)?<code 336> (__Interrupt43):<code 336> (__DefaultInterrupt)
                  0x00006c          0x4 LONG 0x7330 DEFINED (__Interrupt44)?<code 336> (__Interrupt44):<code 336> (__DefaultInterrupt)
                  0x00006e          0x4 LONG 0x7330 DEFINED (__PMPInterrupt)?<code 336> (__PMPInterrupt):<code 336> (__DefaultInterrupt)
                  0x000070          0x4 LONG 0x7330 DEFINED (__Interrupt46)?<code 336> (__Interrupt46):<code 336> (__DefaultInterrupt)
                  0x000072          0x4 LONG 0x7330 DEFINED (__Interrupt47)?<code 336> (__Interrupt47):<code 336> (__DefaultInterrupt)
                  0x000074          0x4 LONG 0x7330 DEFINED (__Interrupt48)?<code 336> (__Interrupt48):<code 336> (__DefaultInterrupt)
                  0x000076          0x4 LONG 0x7330 DEFINED (__SI2C2Interrupt)?<code 336> (__SI2C2Interrupt):<code 336> (__DefaultInterrupt)
                  0x000078          0x4 LONG 0x7330 DEFINED (__MI2C2Interrupt)?<code 336> (__MI2C2Interrupt):<code 336> (__DefaultInterrupt)
                  0x00007a          0x4 LONG 0x7330 DEFINED (__Interrupt51)?<code 336> (__Interrupt51):<code 336> (__DefaultInterrupt)
                  0x00007c          0x4 LONG 0x7330 DEFINED (__Interrupt52)?<code 336> (__Interrupt52):<code 336> (__DefaultInterrupt)
                  0x00007e          0x4 LONG 0x7330 DEFINED (__INT3Interrupt)?<code 336> (__INT3Interrupt):<code 336> (__DefaultInterrupt)
                  0x000080          0x4 LONG 0x7330 DEFINED (__INT4Interrupt)?<code 336> (__INT4Interrupt):<code 336> (__DefaultInterrupt)
                  0x000082          0x4 LONG 0x7330 DEFINED (__Interrupt55)?<code 336> (__Interrupt55):<code 336> (__DefaultInterrupt)
                  0x000084          0x4 LONG 0x7330 DEFINED (__Interrupt56)?<code 336> (__Interrupt56):<code 336> (__DefaultInterrupt)
                  0x000086          0x4 LONG 0x7330 DEFINED (__Interrupt57)?<code 336> (__Interrupt57):<code 336> (__DefaultInterrupt)
                  0x000088          0x4 LONG 0x7330 DEFINED (__Interrupt58)?<code 336> (__Interrupt58):<code 336> (__DefaultInterrupt)
                  0x00008a          0x4 LONG 0x7330 DEFINED (__Interrupt59)?<code 336> (__Interrupt59):<code 336> (__DefaultInterrupt)
                  0x00008c          0x4 LONG 0x7330 DEFINED (__Interrupt60)?<code 336> (__Interrupt60):<code 336> (__DefaultInterrupt)
                  0x00008e          0x4 LONG 0x7330 DEFINED (__Interrupt61)?<code 336> (__Interrupt61):<code 336> (__DefaultInterrupt)
                  0x000090          0x4 LONG 0x7330 DEFINED (__RTCCInterrupt)?<code 336> (__RTCCInterrupt):<code 336> (__DefaultInterrupt)
                  0x000092          0x4 LONG 0x7330 DEFINED (__Interrupt63)?<code 336> (__Interrupt63):<code 336> (__DefaultInterrupt)
                  0x000094          0x4 LONG 0x7330 DEFINED (__Interrupt64)?<code 336> (__Interrupt64):<code 336> (__DefaultInterrupt)
                  0x000096          0x4 LONG 0x7330 DEFINED (__U1ErrInterrupt)?<code 336> (__U1ErrInterrupt):<code 336> (__DefaultInterrupt)
                  0x000098          0x4 LONG 0x7330 DEFINED (__U2ErrInterrupt)?<code 336> (__U2ErrInterrupt):<code 336> (__DefaultInterrupt)
                  0x00009a          0x4 LONG 0x7330 DEFINED (__CRCInterrupt)?<code 336> (__CRCInterrupt):<code 336> (__DefaultInterrupt)
                  0x00009c          0x4 LONG 0x7330 DEFINED (__Interrupt68)?<code 336> (__Interrupt68):<code 336> (__DefaultInterrupt)
                  0x00009e          0x4 LONG 0x7330 DEFINED (__Interrupt69)?<code 336> (__Interrupt69):<code 336> (__DefaultInterrupt)
                  0x0000a0          0x4 LONG 0x7330 DEFINED (__Interrupt70)?<code 336> (__Interrupt70):<code 336> (__DefaultInterrupt)
                  0x0000a2          0x4 LONG 0x7330 DEFINED (__Interrupt71)?<code 336> (__Interrupt71):<code 336> (__DefaultInterrupt)
                  0x0000a4          0x4 LONG 0x7330 DEFINED (__Interrupt72)?<code 336> (__Interrupt72):<code 336> (__DefaultInterrupt)
                  0x0000a6          0x4 LONG 0x7330 DEFINED (__Interrupt73)?<code 336> (__Interrupt73):<code 336> (__DefaultInterrupt)
                  0x0000a8          0x4 LONG 0x7330 DEFINED (__Interrupt74)?<code 336> (__Interrupt74):<code 336> (__DefaultInterrupt)
                  0x0000aa          0x4 LONG 0x7330 DEFINED (__Interrupt75)?<code 336> (__Interrupt75):<code 336> (__DefaultInterrupt)
                  0x0000ac          0x4 LONG 0x7330 DEFINED (__Interrupt76)?<code 336> (__Interrupt76):<code 336> (__DefaultInterrupt)
                  0x0000ae          0x4 LONG 0x7330 DEFINED (__Interrupt77)?<code 336> (__Interrupt77):<code 336> (__DefaultInterrupt)
                  0x0000b0          0x4 LONG 0x7330 DEFINED (__Interrupt78)?<code 336> (__Interrupt78):<code 336> (__DefaultInterrupt)
                  0x0000b2          0x4 LONG 0x7330 DEFINED (__Interrupt79)?<code 336> (__Interrupt79):<code 336> (__DefaultInterrupt)
                  0x0000b4          0x4 LONG 0x7330 DEFINED (__Interrupt80)?<code 336> (__Interrupt80):<code 336> (__DefaultInterrupt)
                  0x0000b6          0x4 LONG 0x7330 DEFINED (__Interrupt81)?<code 336> (__Interrupt81):<code 336> (__DefaultInterrupt)
                  0x0000b8          0x4 LONG 0x7330 DEFINED (__Interrupt82)?<code 336> (__Interrupt82):<code 336> (__DefaultInterrupt)
                  0x0000ba          0x4 LONG 0x7330 DEFINED (__Interrupt83)?<code 336> (__Interrupt83):<code 336> (__DefaultInterrupt)
                  0x0000bc          0x4 LONG 0x7330 DEFINED (__Interrupt84)?<code 336> (__Interrupt84):<code 336> (__DefaultInterrupt)
                  0x0000be          0x4 LONG 0x7330 DEFINED (__Interrupt85)?<code 336> (__Interrupt85):<code 336> (__DefaultInterrupt)
                  0x0000c0          0x4 LONG 0x7330 DEFINED (__Interrupt86)?<code 336> (__Interrupt86):<code 336> (__DefaultInterrupt)
                  0x0000c2          0x4 LONG 0x7330 DEFINED (__Interrupt87)?<code 336> (__Interrupt87):<code 336> (__DefaultInterrupt)
                  0x0000c4          0x4 LONG 0x7330 DEFINED (__Interrupt88)?<code 336> (__Interrupt88):<code 336> (__DefaultInterrupt)
                  0x0000c6          0x4 LONG 0x7330 DEFINED (__Interrupt89)?<code 336> (__Interrupt89):<code 336> (__DefaultInterrupt)
                  0x0000c8          0x4 LONG 0x7330 DEFINED (__Interrupt90)?<code 336> (__Interrupt90):<code 336> (__DefaultInterrupt)
                  0x0000ca          0x4 LONG 0x7330 DEFINED (__Interrupt91)?<code 336> (__Interrupt91):<code 336> (__DefaultInterrupt)
                  0x0000cc          0x4 LONG 0x7330 DEFINED (__Interrupt92)?<code 336> (__Interrupt92):<code 336> (__DefaultInterrupt)
                  0x0000ce          0x4 LONG 0x7330 DEFINED (__Interrupt93)?<code 336> (__Interrupt93):<code 336> (__DefaultInterrupt)
                  0x0000d0          0x4 LONG 0x7330 DEFINED (__Interrupt94)?<code 336> (__Interrupt94):<code 336> (__DefaultInterrupt)
                  0x0000d2          0x4 LONG 0x7330 DEFINED (__Interrupt95)?<code 336> (__Interrupt95):<code 336> (__DefaultInterrupt)
                  0x0000d4          0x4 LONG 0x7330 DEFINED (__Interrupt96)?<code 336> (__Interrupt96):<code 336> (__DefaultInterrupt)
                  0x0000d6          0x4 LONG 0x7330 DEFINED (__Interrupt97)?<code 336> (__Interrupt97):<code 336> (__DefaultInterrupt)
                  0x0000d8          0x4 LONG 0x7330 DEFINED (__Interrupt98)?<code 336> (__Interrupt98):<code 336> (__DefaultInterrupt)
                  0x0000da          0x4 LONG 0x7330 DEFINED (__Interrupt99)?<code 336> (__Interrupt99):<code 336> (__DefaultInterrupt)
                  0x0000dc          0x4 LONG 0x7330 DEFINED (__Interrupt100)?<code 336> (__Interrupt100):<code 336> (__DefaultInterrupt)
                  0x0000de          0x4 LONG 0x7330 DEFINED (__Interrupt101)?<code 336> (__Interrupt101):<code 336> (__DefaultInterrupt)
                  0x0000e0          0x4 LONG 0x7330 DEFINED (__Interrupt102)?<code 336> (__Interrupt102):<code 336> (__DefaultInterrupt)
                  0x0000e2          0x4 LONG 0x7330 DEFINED (__Interrupt103)?<code 336> (__Interrupt103):<code 336> (__DefaultInterrupt)
                  0x0000e4          0x4 LONG 0x7330 DEFINED (__Interrupt104)?<code 336> (__Interrupt104):<code 336> (__DefaultInterrupt)
                  0x0000e6          0x4 LONG 0x7330 DEFINED (__Interrupt105)?<code 336> (__Interrupt105):<code 336> (__DefaultInterrupt)
                  0x0000e8          0x4 LONG 0x7330 DEFINED (__Interrupt106)?<code 336> (__Interrupt106):<code 336> (__DefaultInterrupt)
                  0x0000ea          0x4 LONG 0x7330 DEFINED (__Interrupt107)?<code 336> (__Interrupt107):<code 336> (__DefaultInterrupt)
                  0x0000ec          0x4 LONG 0x7330 DEFINED (__Interrupt108)?<code 336> (__Interrupt108):<code 336> (__DefaultInterrupt)
                  0x0000ee          0x4 LONG 0x7330 DEFINED (__Interrupt109)?<code 336> (__Interrupt109):<code 336> (__DefaultInterrupt)
                  0x0000f0          0x4 LONG 0x7330 DEFINED (__Interrupt110)?<code 336> (__Interrupt110):<code 336> (__DefaultInterrupt)
                  0x0000f2          0x4 LONG 0x7330 DEFINED (__Interrupt111)?<code 336> (__Interrupt111):<code 336> (__DefaultInterrupt)
                  0x0000f4          0x4 LONG 0x7330 DEFINED (__Interrupt112)?<code 336> (__Interrupt112):<code 336> (__DefaultInterrupt)
                  0x0000f6          0x4 LONG 0x7330 DEFINED (__Interrupt113)?<code 336> (__Interrupt113):<code 336> (__DefaultInterrupt)
                  0x0000f8          0x4 LONG 0x7330 DEFINED (__Interrupt114)?<code 336> (__Interrupt114):<code 336> (__DefaultInterrupt)
                  0x0000fa          0x4 LONG 0x7330 DEFINED (__Interrupt115)?<code 336> (__Interrupt115):<code 336> (__DefaultInterrupt)
                  0x0000fc          0x4 LONG 0x7330 DEFINED (__Interrupt116)?<code 336> (__Interrupt116):<code 336> (__DefaultInterrupt)
                  0x0000fe          0x4 LONG 0x7330 DEFINED (__Interrupt117)?<code 336> (__Interrupt117):<code 336> (__DefaultInterrupt)

.aivt             0x000104         0xfc
                  0x000104          0x4 LONG 0x7330 DEFINED (__AltReservedTrap0)?<code 336> (__AltReservedTrap0):DEFINED (__ReservedTrap0)?<code 336> (__ReservedTrap0):<code 336> (__DefaultInterrupt)
                  0x000106          0x4 LONG 0x7330 DEFINED (__AltOscillatorFail)?<code 336> (__AltOscillatorFail):DEFINED (__OscillatorFail)?<code 336> (__OscillatorFail):<code 336> (__DefaultInterrupt)
                  0x000108          0x4 LONG 0x65ec DEFINED (__AltAddressError)?<code 336> (__AltAddressError):DEFINED (__AddressError)?<code 336> (__AddressError):<code 336> (__DefaultInterrupt)
                  0x00010a          0x4 LONG 0x65f2 DEFINED (__AltStackError)?<code 336> (__AltStackError):DEFINED (__StackError)?<code 336> (__StackError):<code 336> (__DefaultInterrupt)
                  0x00010c          0x4 LONG 0x7330 DEFINED (__AltMathError)?<code 336> (__AltMathError):DEFINED (__MathError)?<code 336> (__MathError):<code 336> (__DefaultInterrupt)
                  0x00010e          0x4 LONG 0x7330 DEFINED (__AltReservedTrap5)?<code 336> (__AltReservedTrap5):DEFINED (__ReservedTrap5)?<code 336> (__ReservedTrap5):<code 336> (__DefaultInterrupt)
                  0x000110          0x4 LONG 0x7330 DEFINED (__AltReservedTrap6)?<code 336> (__AltReservedTrap6):DEFINED (__ReservedTrap6)?<code 336> (__ReservedTrap6):<code 336> (__DefaultInterrupt)
                  0x000112          0x4 LONG 0x7330 DEFINED (__AltReservedTrap7)?<code 336> (__AltReservedTrap7):DEFINED (__ReservedTrap7)?<code 336> (__ReservedTrap7):<code 336> (__DefaultInterrupt)
                  0x000114          0x4 LONG 0x7330 DEFINED (__AltINT0Interrupt)?<code 336> (__AltINT0Interrupt):DEFINED (__INT0Interrupt)?<code 336> (__INT0Interrupt):<code 336> (__DefaultInterrupt)
                  0x000116          0x4 LONG 0x7330 DEFINED (__AltIC1Interrupt)?<code 336> (__AltIC1Interrupt):DEFINED (__IC1Interrupt)?<code 336> (__IC1Interrupt):<code 336> (__DefaultInterrupt)
                  0x000118          0x4 LONG 0x7330 DEFINED (__AltOC1Interrupt)?<code 336> (__AltOC1Interrupt):DEFINED (__OC1Interrupt)?<code 336> (__OC1Interrupt):<code 336> (__DefaultInterrupt)
                  0x00011a          0x4 LONG 0x60d6 DEFINED (__AltT1Interrupt)?<code 336> (__AltT1Interrupt):DEFINED (__T1Interrupt)?<code 336> (__T1Interrupt):<code 336> (__DefaultInterrupt)
                  0x00011c          0x4 LONG 0x7330 DEFINED (__AltInterrupt4)?<code 336> (__AltInterrupt4):DEFINED (__Interrupt4)?<code 336> (__Interrupt4):<code 336> (__DefaultInterrupt)
                  0x00011e          0x4 LONG 0x7330 DEFINED (__AltIC2Interrupt)?<code 336> (__AltIC2Interrupt):DEFINED (__IC2Interrupt)?<code 336> (__IC2Interrupt):<code 336> (__DefaultInterrupt)
                  0x000120          0x4 LONG 0x7330 DEFINED (__AltOC2Interrupt)?<code 336> (__AltOC2Interrupt):DEFINED (__OC2Interrupt)?<code 336> (__OC2Interrupt):<code 336> (__DefaultInterrupt)
                  0x000122          0x4 LONG 0x7330 DEFINED (__AltT2Interrupt)?<code 336> (__AltT2Interrupt):DEFINED (__T2Interrupt)?<code 336> (__T2Interrupt):<code 336> (__DefaultInterrupt)
                  0x000124          0x4 LONG 0x7330 DEFINED (__AltT3Interrupt)?<code 336> (__AltT3Interrupt):DEFINED (__T3Interrupt)?<code 336> (__T3Interrupt):<code 336> (__DefaultInterrupt)
                  0x000126          0x4 LONG 0x7330 DEFINED (__AltSPI1ErrInterrupt)?<code 336> (__AltSPI1ErrInterrupt):DEFINED (__SPI1ErrInterrupt)?<code 336> (__SPI1ErrInterrupt):<code 336> (__DefaultInterrupt)
                  0x000128          0x4 LONG 0x7330 DEFINED (__AltSPI1Interrupt)?<code 336> (__AltSPI1Interrupt):DEFINED (__SPI1Interrupt)?<code 336> (__SPI1Interrupt):<code 336> (__DefaultInterrupt)
                  0x00012a          0x4 LONG 0x7330 DEFINED (__AltU1RXInterrupt)?<code 336> (__AltU1RXInterrupt):DEFINED (__U1RXInterrupt)?<code 336> (__U1RXInterrupt):<code 336> (__DefaultInterrupt)
                  0x00012c          0x4 LONG 0x7330 DEFINED (__AltU1TXInterrupt)?<code 336> (__AltU1TXInterrupt):DEFINED (__U1TXInterrupt)?<code 336> (__U1TXInterrupt):<code 336> (__DefaultInterrupt)
                  0x00012e          0x4 LONG 0x7330 DEFINED (__AltADC1Interrupt)?<code 336> (__AltADC1Interrupt):DEFINED (__ADC1Interrupt)?<code 336> (__ADC1Interrupt):<code 336> (__DefaultInterrupt)
                  0x000130          0x4 LONG 0x7330 DEFINED (__AltInterrupt14)?<code 336> (__AltInterrupt14):DEFINED (__Interrupt14)?<code 336> (__Interrupt14):<code 336> (__DefaultInterrupt)
                  0x000132          0x4 LONG 0x7330 DEFINED (__AltInterrupt15)?<code 336> (__AltInterrupt15):DEFINED (__Interrupt15)?<code 336> (__Interrupt15):<code 336> (__DefaultInterrupt)
                  0x000134          0x4 LONG 0x7330 DEFINED (__AltSI2C1Interrupt)?<code 336> (__AltSI2C1Interrupt):DEFINED (__SI2C1Interrupt)?<code 336> (__SI2C1Interrupt):<code 336> (__DefaultInterrupt)
                  0x000136          0x4 LONG 0x7330 DEFINED (__AltMI2C1Interrupt)?<code 336> (__AltMI2C1Interrupt):DEFINED (__MI2C1Interrupt)?<code 336> (__MI2C1Interrupt):<code 336> (__DefaultInterrupt)
                  0x000138          0x4 LONG 0x7330 DEFINED (__AltCompInterrupt)?<code 336> (__AltCompInterrupt):DEFINED (__CompInterrupt)?<code 336> (__CompInterrupt):<code 336> (__DefaultInterrupt)
                  0x00013a          0x4 LONG 0x7330 DEFINED (__AltCNInterrupt)?<code 336> (__AltCNInterrupt):DEFINED (__CNInterrupt)?<code 336> (__CNInterrupt):<code 336> (__DefaultInterrupt)
                  0x00013c          0x4 LONG 0x7330 DEFINED (__AltINT1Interrupt)?<code 336> (__AltINT1Interrupt):DEFINED (__INT1Interrupt)?<code 336> (__INT1Interrupt):<code 336> (__DefaultInterrupt)
                  0x00013e          0x4 LONG 0x7330 DEFINED (__AltInterrupt21)?<code 336> (__AltInterrupt21):DEFINED (__Interrupt21)?<code 336> (__Interrupt21):<code 336> (__DefaultInterrupt)
                  0x000140          0x4 LONG 0x7330 DEFINED (__AltInterrupt22)?<code 336> (__AltInterrupt22):DEFINED (__Interrupt22)?<code 336> (__Interrupt22):<code 336> (__DefaultInterrupt)
                  0x000142          0x4 LONG 0x7330 DEFINED (__AltInterrupt23)?<code 336> (__AltInterrupt23):DEFINED (__Interrupt23)?<code 336> (__Interrupt23):<code 336> (__DefaultInterrupt)
                  0x000144          0x4 LONG 0x7330 DEFINED (__AltInterrupt24)?<code 336> (__AltInterrupt24):DEFINED (__Interrupt24)?<code 336> (__Interrupt24):<code 336> (__DefaultInterrupt)
                  0x000146          0x4 LONG 0x7330 DEFINED (__AltOC3Interrupt)?<code 336> (__AltOC3Interrupt):DEFINED (__OC3Interrupt)?<code 336> (__OC3Interrupt):<code 336> (__DefaultInterrupt)
                  0x000148          0x4 LONG 0x7330 DEFINED (__AltOC4Interrupt)?<code 336> (__AltOC4Interrupt):DEFINED (__OC4Interrupt)?<code 336> (__OC4Interrupt):<code 336> (__DefaultInterrupt)
                  0x00014a          0x4 LONG 0x7330 DEFINED (__AltT4Interrupt)?<code 336> (__AltT4Interrupt):DEFINED (__T4Interrupt)?<code 336> (__T4Interrupt):<code 336> (__DefaultInterrupt)
                  0x00014c          0x4 LONG 0x7330 DEFINED (__AltT5Interrupt)?<code 336> (__AltT5Interrupt):DEFINED (__T5Interrupt)?<code 336> (__T5Interrupt):<code 336> (__DefaultInterrupt)
                  0x00014e          0x4 LONG 0x7330 DEFINED (__AltINT2Interrupt)?<code 336> (__AltINT2Interrupt):DEFINED (__INT2Interrupt)?<code 336> (__INT2Interrupt):<code 336> (__DefaultInterrupt)
                  0x000150          0x4 LONG 0x7330 DEFINED (__AltU2RXInterrupt)?<code 336> (__AltU2RXInterrupt):DEFINED (__U2RXInterrupt)?<code 336> (__U2RXInterrupt):<code 336> (__DefaultInterrupt)
                  0x000152          0x4 LONG 0x7330 DEFINED (__AltU2TXInterrupt)?<code 336> (__AltU2TXInterrupt):DEFINED (__U2TXInterrupt)?<code 336> (__U2TXInterrupt):<code 336> (__DefaultInterrupt)
                  0x000154          0x4 LONG 0x7330 DEFINED (__AltSPI2ErrInterrupt)?<code 336> (__AltSPI2ErrInterrupt):DEFINED (__SPI2ErrInterrupt)?<code 336> (__SPI2ErrInterrupt):<code 336> (__DefaultInterrupt)
                  0x000156          0x4 LONG 0x7330 DEFINED (__AltSPI2Interrupt)?<code 336> (__AltSPI2Interrupt):DEFINED (__SPI2Interrupt)?<code 336> (__SPI2Interrupt):<code 336> (__DefaultInterrupt)
                  0x000158          0x4 LONG 0x7330 DEFINED (__AltInterrupt34)?<code 336> (__AltInterrupt34):DEFINED (__Interrupt34)?<code 336> (__Interrupt34):<code 336> (__DefaultInterrupt)
                  0x00015a          0x4 LONG 0x7330 DEFINED (__AltInterrupt35)?<code 336> (__AltInterrupt35):DEFINED (__Interrupt35)?<code 336> (__Interrupt35):<code 336> (__DefaultInterrupt)
                  0x00015c          0x4 LONG 0x7330 DEFINED (__AltInterrupt36)?<code 336> (__AltInterrupt36):DEFINED (__Interrupt36)?<code 336> (__Interrupt36):<code 336> (__DefaultInterrupt)
                  0x00015e          0x4 LONG 0x7330 DEFINED (__AltIC3Interrupt)?<code 336> (__AltIC3Interrupt):DEFINED (__IC3Interrupt)?<code 336> (__IC3Interrupt):<code 336> (__DefaultInterrupt)
                  0x000160          0x4 LONG 0x7330 DEFINED (__AltIC4Interrupt)?<code 336> (__AltIC4Interrupt):DEFINED (__IC4Interrupt)?<code 336> (__IC4Interrupt):<code 336> (__DefaultInterrupt)
                  0x000162          0x4 LONG 0x7330 DEFINED (__AltIC5Interrupt)?<code 336> (__AltIC5Interrupt):DEFINED (__IC5Interrupt)?<code 336> (__IC5Interrupt):<code 336> (__DefaultInterrupt)
                  0x000164          0x4 LONG 0x7330 DEFINED (__AltInterrupt40)?<code 336> (__AltInterrupt40):DEFINED (__Interrupt40)?<code 336> (__Interrupt40):<code 336> (__DefaultInterrupt)
                  0x000166          0x4 LONG 0x7330 DEFINED (__AltOC5Interrupt)?<code 336> (__AltOC5Interrupt):DEFINED (__OC5Interrupt)?<code 336> (__OC5Interrupt):<code 336> (__DefaultInterrupt)
                  0x000168          0x4 LONG 0x7330 DEFINED (__AltInterrupt42)?<code 336> (__AltInterrupt42):DEFINED (__Interrupt42)?<code 336> (__Interrupt42):<code 336> (__DefaultInterrupt)
                  0x00016a          0x4 LONG 0x7330 DEFINED (__AltInterrupt43)?<code 336> (__AltInterrupt43):DEFINED (__Interrupt43)?<code 336> (__Interrupt43):<code 336> (__DefaultInterrupt)
                  0x00016c          0x4 LONG 0x7330 DEFINED (__AltInterrupt44)?<code 336> (__AltInterrupt44):DEFINED (__Interrupt44)?<code 336> (__Interrupt44):<code 336> (__DefaultInterrupt)
                  0x00016e          0x4 LONG 0x7330 DEFINED (__AltPMPInterrupt)?<code 336> (__AltPMPInterrupt):DEFINED (__PMPInterrupt)?<code 336> (__PMPInterrupt):<code 336> (__DefaultInterrupt)
                  0x000170          0x4 LONG 0x7330 DEFINED (__AltInterrupt46)?<code 336> (__AltInterrupt46):DEFINED (__Interrupt46)?<code 336> (__Interrupt46):<code 336> (__DefaultInterrupt)
                  0x000172          0x4 LONG 0x7330 DEFINED (__AltInterrupt47)?<code 336> (__AltInterrupt47):DEFINED (__Interrupt47)?<code 336> (__Interrupt47):<code 336> (__DefaultInterrupt)
                  0x000174          0x4 LONG 0x7330 DEFINED (__AltInterrupt48)?<code 336> (__AltInterrupt48):DEFINED (__Interrupt48)?<code 336> (__Interrupt48):<code 336> (__DefaultInterrupt)
                  0x000176          0x4 LONG 0x7330 DEFINED (__AltSI2C2Interrupt)?<code 336> (__AltSI2C2Interrupt):DEFINED (__SI2C2Interrupt)?<code 336> (__SI2C2Interrupt):<code 336> (__DefaultInterrupt)
                  0x000178          0x4 LONG 0x7330 DEFINED (__AltMI2C2Interrupt)?<code 336> (__AltMI2C2Interrupt):DEFINED (__MI2C2Interrupt)?<code 336> (__MI2C2Interrupt):<code 336> (__DefaultInterrupt)
                  0x00017a          0x4 LONG 0x7330 DEFINED (__AltInterrupt51)?<code 336> (__AltInterrupt51):DEFINED (__Interrupt51)?<code 336> (__Interrupt51):<code 336> (__DefaultInterrupt)
                  0x00017c          0x4 LONG 0x7330 DEFINED (__AltInterrupt52)?<code 336> (__AltInterrupt52):DEFINED (__Interrupt52)?<code 336> (__Interrupt52):<code 336> (__DefaultInterrupt)
                  0x00017e          0x4 LONG 0x7330 DEFINED (__AltINT3Interrupt)?<code 336> (__AltINT3Interrupt):DEFINED (__INT3Interrupt)?<code 336> (__INT3Interrupt):<code 336> (__DefaultInterrupt)
                  0x000180          0x4 LONG 0x7330 DEFINED (__AltINT4Interrupt)?<code 336> (__AltINT4Interrupt):DEFINED (__INT4Interrupt)?<code 336> (__INT4Interrupt):<code 336> (__DefaultInterrupt)
                  0x000182          0x4 LONG 0x7330 DEFINED (__AltInterrupt55)?<code 336> (__AltInterrupt55):DEFINED (__Interrupt55)?<code 336> (__Interrupt55):<code 336> (__DefaultInterrupt)
                  0x000184          0x4 LONG 0x7330 DEFINED (__AltInterrupt56)?<code 336> (__AltInterrupt56):DEFINED (__Interrupt56)?<code 336> (__Interrupt56):<code 336> (__DefaultInterrupt)
                  0x000186          0x4 LONG 0x7330 DEFINED (__AltInterrupt57)?<code 336> (__AltInterrupt57):DEFINED (__Interrupt57)?<code 336> (__Interrupt57):<code 336> (__DefaultInterrupt)
                  0x000188          0x4 LONG 0x7330 DEFINED (__AltInterrupt58)?<code 336> (__AltInterrupt58):DEFINED (__Interrupt58)?<code 336> (__Interrupt58):<code 336> (__DefaultInterrupt)
                  0x00018a          0x4 LONG 0x7330 DEFINED (__AltInterrupt59)?<code 336> (__AltInterrupt59):DEFINED (__Interrupt59)?<code 336> (__Interrupt59):<code 336> (__DefaultInterrupt)
                  0x00018c          0x4 LONG 0x7330 DEFINED (__AltInterrupt60)?<code 336> (__AltInterrupt60):DEFINED (__Interrupt60)?<code 336> (__Interrupt60):<code 336> (__DefaultInterrupt)
                  0x00018e          0x4 LONG 0x7330 DEFINED (__AltInterrupt61)?<code 336> (__AltInterrupt61):DEFINED (__Interrupt61)?<code 336> (__Interrupt61):<code 336> (__DefaultInterrupt)
                  0x000190          0x4 LONG 0x7330 DEFINED (__AltRTCCInterrupt)?<code 336> (__AltRTCCInterrupt):DEFINED (__RTCCInterrupt)?<code 336> (__RTCCInterrupt):<code 336> (__DefaultInterrupt)
                  0x000192          0x4 LONG 0x7330 DEFINED (__AltInterrupt63)?<code 336> (__AltInterrupt63):DEFINED (__Interrupt63)?<code 336> (__Interrupt63):<code 336> (__DefaultInterrupt)
                  0x000194          0x4 LONG 0x7330 DEFINED (__AltInterrupt64)?<code 336> (__AltInterrupt64):DEFINED (__Interrupt64)?<code 336> (__Interrupt64):<code 336> (__DefaultInterrupt)
                  0x000196          0x4 LONG 0x7330 DEFINED (__AltU1ErrInterrupt)?<code 336> (__AltU1ErrInterrupt):DEFINED (__U1ErrInterrupt)?<code 336> (__U1ErrInterrupt):<code 336> (__DefaultInterrupt)
                  0x000198          0x4 LONG 0x7330 DEFINED (__AltU2ErrInterrupt)?<code 336> (__AltU2ErrInterrupt):DEFINED (__U2ErrInterrupt)?<code 336> (__U2ErrInterrupt):<code 336> (__DefaultInterrupt)
                  0x00019a          0x4 LONG 0x7330 DEFINED (__AltCRCInterrupt)?<code 336> (__AltCRCInterrupt):DEFINED (__CRCInterrupt)?<code 336> (__CRCInterrupt):<code 336> (__DefaultInterrupt)
                  0x00019c          0x4 LONG 0x7330 DEFINED (__AltInterrupt68)?<code 336> (__AltInterrupt68):DEFINED (__Interrupt68)?<code 336> (__Interrupt68):<code 336> (__DefaultInterrupt)
                  0x00019e          0x4 LONG 0x7330 DEFINED (__AltInterrupt69)?<code 336> (__AltInterrupt69):DEFINED (__Interrupt69)?<code 336> (__Interrupt69):<code 336> (__DefaultInterrupt)
                  0x0001a0          0x4 LONG 0x7330 DEFINED (__AltInterrupt70)?<code 336> (__AltInterrupt70):DEFINED (__Interrupt70)?<code 336> (__Interrupt70):<code 336> (__DefaultInterrupt)
                  0x0001a2          0x4 LONG 0x7330 DEFINED (__AltInterrupt71)?<code 336> (__AltInterrupt71):DEFINED (__Interrupt71)?<code 336> (__Interrupt71):<code 336> (__DefaultInterrupt)
                  0x0001a4          0x4 LONG 0x7330 DEFINED (__AltInterrupt72)?<code 336> (__AltInterrupt72):DEFINED (__Interrupt72)?<code 336> (__Interrupt72):<code 336> (__DefaultInterrupt)
                  0x0001a6          0x4 LONG 0x7330 DEFINED (__AltInterrupt73)?<code 336> (__AltInterrupt73):DEFINED (__Interrupt73)?<code 336> (__Interrupt73):<code 336> (__DefaultInterrupt)
                  0x0001a8          0x4 LONG 0x7330 DEFINED (__AltInterrupt74)?<code 336> (__AltInterrupt74):DEFINED (__Interrupt74)?<code 336> (__Interrupt74):<code 336> (__DefaultInterrupt)
                  0x0001aa          0x4 LONG 0x7330 DEFINED (__AltInterrupt75)?<code 336> (__AltInterrupt75):DEFINED (__Interrupt75)?<code 336> (__Interrupt75):<code 336> (__DefaultInterrupt)
                  0x0001ac          0x4 LONG 0x7330 DEFINED (__AltInterrupt76)?<code 336> (__AltInterrupt76):DEFINED (__Interrupt76)?<code 336> (__Interrupt76):<code 336> (__DefaultInterrupt)
                  0x0001ae          0x4 LONG 0x7330 DEFINED (__AltInterrupt77)?<code 336> (__AltInterrupt77):DEFINED (__Interrupt77)?<code 336> (__Interrupt77):<code 336> (__DefaultInterrupt)
                  0x0001b0          0x4 LONG 0x7330 DEFINED (__AltInterrupt78)?<code 336> (__AltInterrupt78):DEFINED (__Interrupt78)?<code 336> (__Interrupt78):<code 336> (__DefaultInterrupt)
                  0x0001b2          0x4 LONG 0x7330 DEFINED (__AltInterrupt79)?<code 336> (__AltInterrupt79):DEFINED (__Interrupt79)?<code 336> (__Interrupt79):<code 336> (__DefaultInterrupt)
                  0x0001b4          0x4 LONG 0x7330 DEFINED (__AltInterrupt80)?<code 336> (__AltInterrupt80):DEFINED (__Interrupt80)?<code 336> (__Interrupt80):<code 336> (__DefaultInterrupt)
                  0x0001b6          0x4 LONG 0x7330 DEFINED (__AltInterrupt81)?<code 336> (__AltInterrupt81):DEFINED (__Interrupt81)?<code 336> (__Interrupt81):<code 336> (__DefaultInterrupt)
                  0x0001b8          0x4 LONG 0x7330 DEFINED (__AltInterrupt82)?<code 336> (__AltInterrupt82):DEFINED (__Interrupt82)?<code 336> (__Interrupt82):<code 336> (__DefaultInterrupt)
                  0x0001ba          0x4 LONG 0x7330 DEFINED (__AltInterrupt83)?<code 336> (__AltInterrupt83):DEFINED (__Interrupt83)?<code 336> (__Interrupt83):<code 336> (__DefaultInterrupt)
                  0x0001bc          0x4 LONG 0x7330 DEFINED (__AltInterrupt84)?<code 336> (__AltInterrupt84):DEFINED (__Interrupt84)?<code 336> (__Interrupt84):<code 336> (__DefaultInterrupt)
                  0x0001be          0x4 LONG 0x7330 DEFINED (__AltInterrupt85)?<code 336> (__AltInterrupt85):DEFINED (__Interrupt85)?<code 336> (__Interrupt85):<code 336> (__DefaultInterrupt)
                  0x0001c0          0x4 LONG 0x7330 DEFINED (__AltInterrupt86)?<code 336> (__AltInterrupt86):DEFINED (__Interrupt86)?<code 336> (__Interrupt86):<code 336> (__DefaultInterrupt)
                  0x0001c2          0x4 LONG 0x7330 DEFINED (__AltInterrupt87)?<code 336> (__AltInterrupt87):DEFINED (__Interrupt87)?<code 336> (__Interrupt87):<code 336> (__DefaultInterrupt)
                  0x0001c4          0x4 LONG 0x7330 DEFINED (__AltInterrupt88)?<code 336> (__AltInterrupt88):DEFINED (__Interrupt88)?<code 336> (__Interrupt88):<code 336> (__DefaultInterrupt)
                  0x0001c6          0x4 LONG 0x7330 DEFINED (__AltInterrupt89)?<code 336> (__AltInterrupt89):DEFINED (__Interrupt89)?<code 336> (__Interrupt89):<code 336> (__DefaultInterrupt)
                  0x0001c8          0x4 LONG 0x7330 DEFINED (__AltInterrupt90)?<code 336> (__AltInterrupt90):DEFINED (__Interrupt90)?<code 336> (__Interrupt90):<code 336> (__DefaultInterrupt)
                  0x0001ca          0x4 LONG 0x7330 DEFINED (__AltInterrupt91)?<code 336> (__AltInterrupt91):DEFINED (__Interrupt91)?<code 336> (__Interrupt91):<code 336> (__DefaultInterrupt)
                  0x0001cc          0x4 LONG 0x7330 DEFINED (__AltInterrupt92)?<code 336> (__AltInterrupt92):DEFINED (__Interrupt92)?<code 336> (__Interrupt92):<code 336> (__DefaultInterrupt)
                  0x0001ce          0x4 LONG 0x7330 DEFINED (__AltInterrupt93)?<code 336> (__AltInterrupt93):DEFINED (__Interrupt93)?<code 336> (__Interrupt93):<code 336> (__DefaultInterrupt)
                  0x0001d0          0x4 LONG 0x7330 DEFINED (__AltInterrupt94)?<code 336> (__AltInterrupt94):DEFINED (__Interrupt94)?<code 336> (__Interrupt94):<code 336> (__DefaultInterrupt)
                  0x0001d2          0x4 LONG 0x7330 DEFINED (__AltInterrupt95)?<code 336> (__AltInterrupt95):DEFINED (__Interrupt95)?<code 336> (__Interrupt95):<code 336> (__DefaultInterrupt)
                  0x0001d4          0x4 LONG 0x7330 DEFINED (__AltInterrupt96)?<code 336> (__AltInterrupt96):DEFINED (__Interrupt96)?<code 336> (__Interrupt96):<code 336> (__DefaultInterrupt)
                  0x0001d6          0x4 LONG 0x7330 DEFINED (__AltInterrupt97)?<code 336> (__AltInterrupt97):DEFINED (__Interrupt97)?<code 336> (__Interrupt97):<code 336> (__DefaultInterrupt)
                  0x0001d8          0x4 LONG 0x7330 DEFINED (__AltInterrupt98)?<code 336> (__AltInterrupt98):DEFINED (__Interrupt98)?<code 336> (__Interrupt98):<code 336> (__DefaultInterrupt)
                  0x0001da          0x4 LONG 0x7330 DEFINED (__AltInterrupt99)?<code 336> (__AltInterrupt99):DEFINED (__Interrupt99)?<code 336> (__Interrupt99):<code 336> (__DefaultInterrupt)
                  0x0001dc          0x4 LONG 0x7330 DEFINED (__AltInterrupt100)?<code 336> (__AltInterrupt100):DEFINED (__Interrupt100)?<code 336> (__Interrupt100):<code 336> (__DefaultInterrupt)
                  0x0001de          0x4 LONG 0x7330 DEFINED (__AltInterrupt101)?<code 336> (__AltInterrupt101):DEFINED (__Interrupt101)?<code 336> (__Interrupt101):<code 336> (__DefaultInterrupt)
                  0x0001e0          0x4 LONG 0x7330 DEFINED (__AltInterrupt102)?<code 336> (__AltInterrupt102):DEFINED (__Interrupt102)?<code 336> (__Interrupt102):<code 336> (__DefaultInterrupt)
                  0x0001e2          0x4 LONG 0x7330 DEFINED (__AltInterrupt103)?<code 336> (__AltInterrupt103):DEFINED (__Interrupt103)?<code 336> (__Interrupt103):<code 336> (__DefaultInterrupt)
                  0x0001e4          0x4 LONG 0x7330 DEFINED (__AltInterrupt104)?<code 336> (__AltInterrupt104):DEFINED (__Interrupt104)?<code 336> (__Interrupt104):<code 336> (__DefaultInterrupt)
                  0x0001e6          0x4 LONG 0x7330 DEFINED (__AltInterrupt105)?<code 336> (__AltInterrupt105):DEFINED (__Interrupt105)?<code 336> (__Interrupt105):<code 336> (__DefaultInterrupt)
                  0x0001e8          0x4 LONG 0x7330 DEFINED (__AltInterrupt106)?<code 336> (__AltInterrupt106):DEFINED (__Interrupt106)?<code 336> (__Interrupt106):<code 336> (__DefaultInterrupt)
                  0x0001ea          0x4 LONG 0x7330 DEFINED (__AltInterrupt107)?<code 336> (__AltInterrupt107):DEFINED (__Interrupt107)?<code 336> (__Interrupt107):<code 336> (__DefaultInterrupt)
                  0x0001ec          0x4 LONG 0x7330 DEFINED (__AltInterrupt108)?<code 336> (__AltInterrupt108):DEFINED (__Interrupt108)?<code 336> (__Interrupt108):<code 336> (__DefaultInterrupt)
                  0x0001ee          0x4 LONG 0x7330 DEFINED (__AltInterrupt109)?<code 336> (__AltInterrupt109):DEFINED (__Interrupt109)?<code 336> (__Interrupt109):<code 336> (__DefaultInterrupt)
                  0x0001f0          0x4 LONG 0x7330 DEFINED (__AltInterrupt110)?<code 336> (__AltInterrupt110):DEFINED (__Interrupt110)?<code 336> (__Interrupt110):<code 336> (__DefaultInterrupt)
                  0x0001f2          0x4 LONG 0x7330 DEFINED (__AltInterrupt111)?<code 336> (__AltInterrupt111):DEFINED (__Interrupt111)?<code 336> (__Interrupt111):<code 336> (__DefaultInterrupt)
                  0x0001f4          0x4 LONG 0x7330 DEFINED (__AltInterrupt112)?<code 336> (__AltInterrupt112):DEFINED (__Interrupt112)?<code 336> (__Interrupt112):<code 336> (__DefaultInterrupt)
                  0x0001f6          0x4 LONG 0x7330 DEFINED (__AltInterrupt113)?<code 336> (__AltInterrupt113):DEFINED (__Interrupt113)?<code 336> (__Interrupt113):<code 336> (__DefaultInterrupt)
                  0x0001f8          0x4 LONG 0x7330 DEFINED (__AltInterrupt114)?<code 336> (__AltInterrupt114):DEFINED (__Interrupt114)?<code 336> (__Interrupt114):<code 336> (__DefaultInterrupt)
                  0x0001fa          0x4 LONG 0x7330 DEFINED (__AltInterrupt115)?<code 336> (__AltInterrupt115):DEFINED (__Interrupt115)?<code 336> (__Interrupt115):<code 336> (__DefaultInterrupt)
                  0x0001fc          0x4 LONG 0x7330 DEFINED (__AltInterrupt116)?<code 336> (__AltInterrupt116):DEFINED (__Interrupt116)?<code 336> (__Interrupt116):<code 336> (__DefaultInterrupt)
                  0x0001fe          0x4 LONG 0x7330 DEFINED (__AltInterrupt117)?<code 336> (__AltInterrupt117):DEFINED (__Interrupt117)?<code 336> (__Interrupt117):<code 336> (__DefaultInterrupt)
                    0x0000                  WREG0 = 0x0
                    0x0000                  _WREG0 = 0x0
                    0x0002                  WREG1 = 0x2
                    0x0002                  _WREG1 = 0x2
                    0x0004                  WREG2 = 0x4
                    0x0004                  _WREG2 = 0x4
                    0x0006                  WREG3 = 0x6
                    0x0006                  _WREG3 = 0x6
                    0x0008                  WREG4 = 0x8
                    0x0008                  _WREG4 = 0x8
                    0x000a                  WREG5 = 0xa
                    0x000a                  _WREG5 = 0xa
                    0x000c                  WREG6 = 0xc
                    0x000c                  _WREG6 = 0xc
                    0x000e                  WREG7 = 0xe
                    0x000e                  _WREG7 = 0xe
                    0x0010                  WREG8 = 0x10
                    0x0010                  _WREG8 = 0x10
                    0x0012                  WREG9 = 0x12
                    0x0012                  _WREG9 = 0x12
                    0x0014                  WREG10 = 0x14
                    0x0014                  _WREG10 = 0x14
                    0x0016                  WREG11 = 0x16
                    0x0016                  _WREG11 = 0x16
                    0x0018                  WREG12 = 0x18
                    0x0018                  _WREG12 = 0x18
                    0x001a                  WREG13 = 0x1a
                    0x001a                  _WREG13 = 0x1a
                    0x001c                  WREG14 = 0x1c
                    0x001c                  _WREG14 = 0x1c
                    0x001e                  WREG15 = 0x1e
                    0x001e                  _WREG15 = 0x1e
                    0x0020                  SPLIM = 0x20
                    0x0020                  _SPLIM = 0x20
                    0x002e                  PCL = 0x2e
                    0x002e                  _PCL = 0x2e
                    0x0030                  PCH = 0x30
                    0x0030                  _PCH = 0x30
                    0x0032                  TBLPAG = 0x32
                    0x0032                  _TBLPAG = 0x32
                    0x0034                  PSVPAG = 0x34
                    0x0034                  _PSVPAG = 0x34
                    0x0036                  RCOUNT = 0x36
                    0x0036                  _RCOUNT = 0x36
                    0x0042                  SR = 0x42
                    0x0042                  _SR = 0x42
                    0x0042                  _SRbits = 0x42
                    0x0044                  CORCON = 0x44
                    0x0044                  _CORCON = 0x44
                    0x0044                  _CORCONbits = 0x44
                    0x0052                  DISICNT = 0x52
                    0x0052                  _DISICNT = 0x52
                    0x0060                  CNEN1 = 0x60
                    0x0060                  _CNEN1 = 0x60
                    0x0060                  _CNEN1bits = 0x60
                    0x0062                  CNEN2 = 0x62
                    0x0062                  _CNEN2 = 0x62
                    0x0062                  _CNEN2bits = 0x62
                    0x0068                  CNPU1 = 0x68
                    0x0068                  _CNPU1 = 0x68
                    0x0068                  _CNPU1bits = 0x68
                    0x006a                  CNPU2 = 0x6a
                    0x006a                  _CNPU2 = 0x6a
                    0x006a                  _CNPU2bits = 0x6a
                    0x0080                  INTCON1 = 0x80
                    0x0080                  _INTCON1 = 0x80
                    0x0080                  _INTCON1bits = 0x80
                    0x0082                  INTCON2 = 0x82
                    0x0082                  _INTCON2 = 0x82
                    0x0082                  _INTCON2bits = 0x82
                    0x0084                  IFS0 = 0x84
                    0x0084                  _IFS0 = 0x84
                    0x0084                  _IFS0bits = 0x84
                    0x0086                  IFS1 = 0x86
                    0x0086                  _IFS1 = 0x86
                    0x0086                  _IFS1bits = 0x86
                    0x0088                  IFS2 = 0x88
                    0x0088                  _IFS2 = 0x88
                    0x0088                  _IFS2bits = 0x88
                    0x008a                  IFS3 = 0x8a
                    0x008a                  _IFS3 = 0x8a
                    0x008a                  _IFS3bits = 0x8a
                    0x008c                  IFS4 = 0x8c
                    0x008c                  _IFS4 = 0x8c
                    0x008c                  _IFS4bits = 0x8c
                    0x0094                  IEC0 = 0x94
                    0x0094                  _IEC0 = 0x94
                    0x0094                  _IEC0bits = 0x94
                    0x0096                  IEC1 = 0x96
                    0x0096                  _IEC1 = 0x96
                    0x0096                  _IEC1bits = 0x96
                    0x0098                  IEC2 = 0x98
                    0x0098                  _IEC2 = 0x98
                    0x0098                  _IEC2bits = 0x98
                    0x009a                  IEC3 = 0x9a
                    0x009a                  _IEC3 = 0x9a
                    0x009a                  _IEC3bits = 0x9a
                    0x009c                  IEC4 = 0x9c
                    0x009c                  _IEC4 = 0x9c
                    0x009c                  _IEC4bits = 0x9c
                    0x00a4                  IPC0 = 0xa4
                    0x00a4                  _IPC0 = 0xa4
                    0x00a4                  _IPC0bits = 0xa4
                    0x00a6                  IPC1 = 0xa6
                    0x00a6                  _IPC1 = 0xa6
                    0x00a6                  _IPC1bits = 0xa6
                    0x00a8                  IPC2 = 0xa8
                    0x00a8                  _IPC2 = 0xa8
                    0x00a8                  _IPC2bits = 0xa8
                    0x00aa                  IPC3 = 0xaa
                    0x00aa                  _IPC3 = 0xaa
                    0x00aa                  _IPC3bits = 0xaa
                    0x00ac                  IPC4 = 0xac
                    0x00ac                  _IPC4 = 0xac
                    0x00ac                  _IPC4bits = 0xac
                    0x00ae                  IPC5 = 0xae
                    0x00ae                  _IPC5 = 0xae
                    0x00ae                  _IPC5bits = 0xae
                    0x00b0                  IPC6 = 0xb0
                    0x00b0                  _IPC6 = 0xb0
                    0x00b0                  _IPC6bits = 0xb0
                    0x00b2                  IPC7 = 0xb2
                    0x00b2                  _IPC7 = 0xb2
                    0x00b2                  _IPC7bits = 0xb2
                    0x00b4                  IPC8 = 0xb4
                    0x00b4                  _IPC8 = 0xb4
                    0x00b4                  _IPC8bits = 0xb4
                    0x00b6                  IPC9 = 0xb6
                    0x00b6                  _IPC9 = 0xb6
                    0x00b6                  _IPC9bits = 0xb6
                    0x00b8                  IPC10 = 0xb8
                    0x00b8                  _IPC10 = 0xb8
                    0x00b8                  _IPC10bits = 0xb8
                    0x00ba                  IPC11 = 0xba
                    0x00ba                  _IPC11 = 0xba
                    0x00ba                  _IPC11bits = 0xba
                    0x00bc                  IPC12 = 0xbc
                    0x00bc                  _IPC12 = 0xbc
                    0x00bc                  _IPC12bits = 0xbc
                    0x00be                  IPC13 = 0xbe
                    0x00be                  _IPC13 = 0xbe
                    0x00be                  _IPC13bits = 0xbe
                    0x00c2                  IPC15 = 0xc2
                    0x00c2                  _IPC15 = 0xc2
                    0x00c2                  _IPC15bits = 0xc2
                    0x00c4                  IPC16 = 0xc4
                    0x00c4                  _IPC16 = 0xc4
                    0x00c4                  _IPC16bits = 0xc4
                    0x0100                  TMR1 = 0x100
                    0x0100                  _TMR1 = 0x100
                    0x0102                  PR1 = 0x102
                    0x0102                  _PR1 = 0x102
                    0x0104                  T1CON = 0x104
                    0x0104                  _T1CON = 0x104
                    0x0104                  _T1CONbits = 0x104
                    0x0106                  TMR2 = 0x106
                    0x0106                  _TMR2 = 0x106
                    0x0108                  TMR3HLD = 0x108
                    0x0108                  _TMR3HLD = 0x108
                    0x010a                  TMR3 = 0x10a
                    0x010a                  _TMR3 = 0x10a
                    0x010c                  PR2 = 0x10c
                    0x010c                  _PR2 = 0x10c
                    0x010e                  PR3 = 0x10e
                    0x010e                  _PR3 = 0x10e
                    0x0110                  T2CON = 0x110
                    0x0110                  _T2CON = 0x110
                    0x0110                  _T2CONbits = 0x110
                    0x0112                  T3CON = 0x112
                    0x0112                  _T3CON = 0x112
                    0x0112                  _T3CONbits = 0x112
                    0x0114                  TMR4 = 0x114
                    0x0114                  _TMR4 = 0x114
                    0x0116                  TMR5HLD = 0x116
                    0x0116                  _TMR5HLD = 0x116
                    0x0118                  TMR5 = 0x118
                    0x0118                  _TMR5 = 0x118
                    0x011a                  PR4 = 0x11a
                    0x011a                  _PR4 = 0x11a
                    0x011c                  PR5 = 0x11c
                    0x011c                  _PR5 = 0x11c
                    0x011e                  T4CON = 0x11e
                    0x011e                  _T4CON = 0x11e
                    0x011e                  _T4CONbits = 0x11e
                    0x0120                  T5CON = 0x120
                    0x0120                  _T5CON = 0x120
                    0x0120                  _T5CONbits = 0x120
                    0x0140                  IC1BUF = 0x140
                    0x0140                  _IC1BUF = 0x140
                    0x0142                  IC1CON = 0x142
                    0x0142                  _IC1CON = 0x142
                    0x0142                  _IC1CONbits = 0x142
                    0x0144                  IC2BUF = 0x144
                    0x0144                  _IC2BUF = 0x144
                    0x0146                  IC2CON = 0x146
                    0x0146                  _IC2CON = 0x146
                    0x0146                  _IC2CONbits = 0x146
                    0x0148                  IC3BUF = 0x148
                    0x0148                  _IC3BUF = 0x148
                    0x014a                  IC3CON = 0x14a
                    0x014a                  _IC3CON = 0x14a
                    0x014a                  _IC3CONbits = 0x14a
                    0x014c                  IC4BUF = 0x14c
                    0x014c                  _IC4BUF = 0x14c
                    0x014e                  IC4CON = 0x14e
                    0x014e                  _IC4CON = 0x14e
                    0x014e                  _IC4CONbits = 0x14e
                    0x0150                  IC5BUF = 0x150
                    0x0150                  _IC5BUF = 0x150
                    0x0152                  IC5CON = 0x152
                    0x0152                  _IC5CON = 0x152
                    0x0152                  _IC5CONbits = 0x152
                    0x0180                  OC1RS = 0x180
                    0x0180                  _OC1RS = 0x180
                    0x0182                  OC1R = 0x182
                    0x0182                  _OC1R = 0x182
                    0x0184                  OC1CON = 0x184
                    0x0184                  _OC1CON = 0x184
                    0x0184                  _OC1CONbits = 0x184
                    0x0186                  OC2RS = 0x186
                    0x0186                  _OC2RS = 0x186
                    0x0188                  OC2R = 0x188
                    0x0188                  _OC2R = 0x188
                    0x018a                  OC2CON = 0x18a
                    0x018a                  _OC2CON = 0x18a
                    0x018a                  _OC2CONbits = 0x18a
                    0x018c                  OC3RS = 0x18c
                    0x018c                  _OC3RS = 0x18c
                    0x018e                  OC3R = 0x18e
                    0x018e                  _OC3R = 0x18e
                    0x0190                  OC3CON = 0x190
                    0x0190                  _OC3CON = 0x190
                    0x0190                  _OC3CONbits = 0x190
                    0x0192                  OC4RS = 0x192
                    0x0192                  _OC4RS = 0x192
                    0x0194                  OC4R = 0x194
                    0x0194                  _OC4R = 0x194
                    0x0196                  OC4CON = 0x196
                    0x0196                  _OC4CON = 0x196
                    0x0196                  _OC4CONbits = 0x196
                    0x0198                  OC5RS = 0x198
                    0x0198                  _OC5RS = 0x198
                    0x019a                  OC5R = 0x19a
                    0x019a                  _OC5R = 0x19a
                    0x019c                  OC5CON = 0x19c
                    0x019c                  _OC5CON = 0x19c
                    0x019c                  _OC5CONbits = 0x19c
                    0x0200                  I2C1RCV = 0x200
                    0x0200                  _I2C1RCV = 0x200
                    0x0202                  I2C1TRN = 0x202
                    0x0202                  _I2C1TRN = 0x202
                    0x0204                  I2C1BRG = 0x204
                    0x0204                  _I2C1BRG = 0x204
                    0x0206                  I2C1CON = 0x206
                    0x0206                  _I2C1CON = 0x206
                    0x0206                  _I2C1CONbits = 0x206
                    0x0208                  I2C1STAT = 0x208
                    0x0208                  _I2C1STAT = 0x208
                    0x0208                  _I2C1STATbits = 0x208
                    0x020a                  I2C1ADD = 0x20a
                    0x020a                  _I2C1ADD = 0x20a
                    0x020c                  I2C1MSK = 0x20c
                    0x020c                  _I2C1MSK = 0x20c
                    0x0210                  I2C2RCV = 0x210
                    0x0210                  _I2C2RCV = 0x210
                    0x0212                  I2C2TRN = 0x212
                    0x0212                  _I2C2TRN = 0x212
                    0x0214                  I2C2BRG = 0x214
                    0x0214                  _I2C2BRG = 0x214
                    0x0216                  I2C2CON = 0x216
                    0x0216                  _I2C2CON = 0x216
                    0x0216                  _I2C2CONbits = 0x216
                    0x0218                  I2C2STAT = 0x218
                    0x0218                  _I2C2STAT = 0x218
                    0x0218                  _I2C2STATbits = 0x218
                    0x021a                  I2C2ADD = 0x21a
                    0x021a                  _I2C2ADD = 0x21a
                    0x021c                  I2C2MSK = 0x21c
                    0x021c                  _I2C2MSK = 0x21c
                    0x0220                  U1MODE = 0x220
                    0x0220                  _U1MODE = 0x220
                    0x0220                  _U1MODEbits = 0x220
                    0x0222                  U1STA = 0x222
                    0x0222                  _U1STA = 0x222
                    0x0222                  _U1STAbits = 0x222
                    0x0224                  U1TXREG = 0x224
                    0x0224                  _U1TXREG = 0x224
                    0x0226                  U1RXREG = 0x226
                    0x0226                  _U1RXREG = 0x226
                    0x0228                  U1BRG = 0x228
                    0x0228                  _U1BRG = 0x228
                    0x0230                  U2MODE = 0x230
                    0x0230                  _U2MODE = 0x230
                    0x0230                  _U2MODEbits = 0x230
                    0x0232                  U2STA = 0x232
                    0x0232                  _U2STA = 0x232
                    0x0232                  _U2STAbits = 0x232
                    0x0234                  U2TXREG = 0x234
                    0x0234                  _U2TXREG = 0x234
                    0x0236                  U2RXREG = 0x236
                    0x0236                  _U2RXREG = 0x236
                    0x0238                  U2BRG = 0x238
                    0x0238                  _U2BRG = 0x238
                    0x0240                  SPI1STAT = 0x240
                    0x0240                  _SPI1STAT = 0x240
                    0x0240                  _SPI1STATbits = 0x240
                    0x0242                  SPI1CON1 = 0x242
                    0x0242                  _SPI1CON1 = 0x242
                    0x0242                  _SPI1CON1bits = 0x242
                    0x0244                  SPI1CON2 = 0x244
                    0x0244                  _SPI1CON2 = 0x244
                    0x0244                  _SPI1CON2bits = 0x244
                    0x0248                  SPI1BUF = 0x248
                    0x0248                  _SPI1BUF = 0x248
                    0x0260                  SPI2STAT = 0x260
                    0x0260                  _SPI2STAT = 0x260
                    0x0260                  _SPI2STATbits = 0x260
                    0x0262                  SPI2CON1 = 0x262
                    0x0262                  _SPI2CON1 = 0x262
                    0x0262                  _SPI2CON1bits = 0x262
                    0x0264                  SPI2CON2 = 0x264
                    0x0264                  _SPI2CON2 = 0x264
                    0x0264                  _SPI2CON2bits = 0x264
                    0x0268                  SPI2BUF = 0x268
                    0x0268                  _SPI2BUF = 0x268
                    0x02c0                  TRISA = 0x2c0
                    0x02c0                  _TRISA = 0x2c0
                    0x02c0                  _TRISAbits = 0x2c0
                    0x02c2                  PORTA = 0x2c2
                    0x02c2                  _PORTA = 0x2c2
                    0x02c2                  _PORTAbits = 0x2c2
                    0x02c4                  LATA = 0x2c4
                    0x02c4                  _LATA = 0x2c4
                    0x02c4                  _LATAbits = 0x2c4
                    0x02c6                  TRISB = 0x2c6
                    0x02c6                  _TRISB = 0x2c6
                    0x02c6                  _TRISBbits = 0x2c6
                    0x02c8                  PORTB = 0x2c8
                    0x02c8                  _PORTB = 0x2c8
                    0x02c8                  _PORTBbits = 0x2c8
                    0x02ca                  LATB = 0x2ca
                    0x02ca                  _LATB = 0x2ca
                    0x02ca                  _LATBbits = 0x2ca
                    0x02cc                  TRISC = 0x2cc
                    0x02cc                  _TRISC = 0x2cc
                    0x02cc                  _TRISCbits = 0x2cc
                    0x02ce                  PORTC = 0x2ce
                    0x02ce                  _PORTC = 0x2ce
                    0x02ce                  _PORTCbits = 0x2ce
                    0x02d0                  LATC = 0x2d0
                    0x02d0                  _LATC = 0x2d0
                    0x02d0                  _LATCbits = 0x2d0
                    0x02d2                  TRISD = 0x2d2
                    0x02d2                  _TRISD = 0x2d2
                    0x02d2                  _TRISDbits = 0x2d2
                    0x02d4                  PORTD = 0x2d4
                    0x02d4                  _PORTD = 0x2d4
                    0x02d4                  _PORTDbits = 0x2d4
                    0x02d6                  LATD = 0x2d6
                    0x02d6                  _LATD = 0x2d6
                    0x02d6                  _LATDbits = 0x2d6
                    0x02d8                  TRISE = 0x2d8
                    0x02d8                  _TRISE = 0x2d8
                    0x02d8                  _TRISEbits = 0x2d8
                    0x02da                  PORTE = 0x2da
                    0x02da                  _PORTE = 0x2da
                    0x02da                  _PORTEbits = 0x2da
                    0x02dc                  LATE = 0x2dc
                    0x02dc                  _LATE = 0x2dc
                    0x02dc                  _LATEbits = 0x2dc
                    0x02de                  TRISF = 0x2de
                    0x02de                  _TRISF = 0x2de
                    0x02de                  _TRISFbits = 0x2de
                    0x02e0                  PORTF = 0x2e0
                    0x02e0                  _PORTF = 0x2e0
                    0x02e0                  _PORTFbits = 0x2e0
                    0x02e2                  LATF = 0x2e2
                    0x02e2                  _LATF = 0x2e2
                    0x02e2                  _LATFbits = 0x2e2
                    0x02e4                  TRISG = 0x2e4
                    0x02e4                  _TRISG = 0x2e4
                    0x02e4                  _TRISGbits = 0x2e4
                    0x02e6                  PORTG = 0x2e6
                    0x02e6                  _PORTG = 0x2e6
                    0x02e6                  _PORTGbits = 0x2e6
                    0x02e8                  LATG = 0x2e8
                    0x02e8                  _LATG = 0x2e8
                    0x02e8                  _LATGbits = 0x2e8
                    0x02fc                  PADCFG1 = 0x2fc
                    0x02fc                  _PADCFG1 = 0x2fc
                    0x02fc                  _PADCFG1bits = 0x2fc
                    0x0300                  ADC1BUF0 = 0x300
                    0x0300                  _ADC1BUF0 = 0x300
                    0x0302                  ADC1BUF1 = 0x302
                    0x0302                  _ADC1BUF1 = 0x302
                    0x0304                  ADC1BUF2 = 0x304
                    0x0304                  _ADC1BUF2 = 0x304
                    0x0306                  ADC1BUF3 = 0x306
                    0x0306                  _ADC1BUF3 = 0x306
                    0x0308                  ADC1BUF4 = 0x308
                    0x0308                  _ADC1BUF4 = 0x308
                    0x030a                  ADC1BUF5 = 0x30a
                    0x030a                  _ADC1BUF5 = 0x30a
                    0x030c                  ADC1BUF6 = 0x30c
                    0x030c                  _ADC1BUF6 = 0x30c
                    0x030e                  ADC1BUF7 = 0x30e
                    0x030e                  _ADC1BUF7 = 0x30e
                    0x0310                  ADC1BUF8 = 0x310
                    0x0310                  _ADC1BUF8 = 0x310
                    0x0312                  ADC1BUF9 = 0x312
                    0x0312                  _ADC1BUF9 = 0x312
                    0x0314                  ADC1BUFA = 0x314
                    0x0314                  _ADC1BUFA = 0x314
                    0x0316                  ADC1BUFB = 0x316
                    0x0316                  _ADC1BUFB = 0x316
                    0x0318                  ADC1BUFC = 0x318
                    0x0318                  _ADC1BUFC = 0x318
                    0x031a                  ADC1BUFD = 0x31a
                    0x031a                  _ADC1BUFD = 0x31a
                    0x031c                  ADC1BUFE = 0x31c